Component: ARM Compiler 5.06 update 7 (build 960) Tool: armlink [4d3601]

==============================================================================

Section Cross References

    main.o(.text) refers to utils.o(.text) for vUSART2_Init
    main.o(.text) refers to butled.o(.text) for initLEDs
    main.o(.text) refers to analog.o(.text) for initAnalog
    main.o(.text) refers to queue.o(.text) for xQueueGenericCreate
    main.o(.text) refers to printfa.o(i.__0printf) for __2printf
    main.o(.text) refers to tasks.o(.text) for xTaskCreate
    main.o(.text) refers to uart.o(.data) for UartRxQueue
    main.o(.text) refers to cache.o(.data) for CacheQueue
    main.o(.text) refers to uart.o(.text) for vRxUart
    main.o(.text) refers to analog.o(.data) for hAnalog
    main.o(.text) refers to cache.o(.text) for vCache
    queue.o(.text) refers to port.o(.text) for vPortEnterCritical
    queue.o(.text) refers to tasks.o(.text) for xTaskRemoveFromEventList
    queue.o(.text) refers to list.o(.text) for vListInitialise
    queue.o(.text) refers to heap_2.o(.text) for pvPortMalloc
    queue.o(.text) refers to memcpya.o(.text) for __aeabi_memcpy
    queue.o(.text) refers to queue.o(.bss) for xQueueRegistry
    tasks.o(.text) refers to list.o(.text) for vListInitialise
    tasks.o(.text) refers to port.o(.text) for vPortEnterCritical
    tasks.o(.text) refers to memseta.o(.text) for __aeabi_memset
    tasks.o(.text) refers to heap_2.o(.text) for pvPortMalloc
    tasks.o(.text) refers to tasks.o(.bss) for pxReadyTasksLists
    tasks.o(.text) refers to tasks.o(.data) for pxDelayedTaskList
    tasks.o(.text) refers to timers.o(.text) for xTimerCreateTimerTask
    timers.o(.text) refers to list.o(.text) for vListInsert
    timers.o(.text) refers to tasks.o(.text) for xTaskGetSchedulerState
    timers.o(.text) refers to queue.o(.text) for xQueueGenericSend
    timers.o(.text) refers to heap_2.o(.text) for vPortFree
    timers.o(.text) refers to port.o(.text) for vPortEnterCritical
    timers.o(.text) refers to timers.o(.data) for pxOverflowTimerList
    timers.o(.text) refers to timers.o(.bss) for xActiveTimerList1
    port.o(.emb_text) refers to tasks.o(.text) for vTaskSwitchContext
    port.o(.emb_text) refers to tasks.o(.data) for pxCurrentTCB
    port.o(.text) refers to port.o(.emb_text) for __asm___6_port_c_39a90d8d__prvEnableVFP
    port.o(.text) refers to tasks.o(.text) for xTaskIncrementTick
    port.o(.text) refers to port.o(.data) for uxCriticalNesting
    port.o(.text) refers to system_stm32f4xx.o(.data) for SystemCoreClock
    heap_2.o(.text) refers to tasks.o(.text) for vTaskSuspendAll
    heap_2.o(.text) refers to heap_2.o(.bss) for ucHeap
    heap_2.o(.text) refers to heap_2.o(.data) for xStart
    stm32f4xx_adc.o(.text) refers to stm32f4xx_rcc.o(.text) for RCC_APB2PeriphResetCmd
    stm32f4xx_dac.o(.text) refers to stm32f4xx_rcc.o(.text) for RCC_APB1PeriphResetCmd
    stm32f4xx_gpio.o(.text) refers to stm32f4xx_rcc.o(.text) for RCC_AHB1PeriphResetCmd
    stm32f4xx_i2c.o(.text) refers to stm32f4xx_rcc.o(.text) for RCC_APB1PeriphResetCmd
    stm32f4xx_pwr.o(.text) refers to stm32f4xx_rcc.o(.text) for RCC_APB1PeriphResetCmd
    stm32f4xx_rcc.o(.text) refers to stm32f4xx_rcc.o(.data) for APBAHBPrescTable
    stm32f4xx_spi.o(.text) refers to stm32f4xx_rcc.o(.text) for RCC_APB2PeriphResetCmd
    stm32f4xx_syscfg.o(.text) refers to stm32f4xx_rcc.o(.text) for RCC_APB2PeriphResetCmd
    stm32f4xx_tim.o(.text) refers to stm32f4xx_rcc.o(.text) for RCC_APB2PeriphResetCmd
    stm32f4xx_usart.o(.text) refers to stm32f4xx_rcc.o(.text) for RCC_APB2PeriphResetCmd
    stm32f4xx_wwdg.o(.text) refers to stm32f4xx_rcc.o(.text) for RCC_APB1PeriphResetCmd
    stm32f4_discovery_lis302dl.o(.text) refers to stm32f4xx_spi.o(.text) for SPI_I2S_GetFlagStatus
    stm32f4_discovery_lis302dl.o(.text) refers to stm32f4xx_gpio.o(.text) for GPIO_ResetBits
    stm32f4_discovery_lis302dl.o(.text) refers to stm32f4xx_rcc.o(.text) for RCC_APB2PeriphClockCmd
    stm32f4_discovery_lis302dl.o(.text) refers to stm32f4_discovery_lis302dl.o(.data) for LIS302DLTimeout
    utils.o(.text) refers to stm32f4xx_rcc.o(.text) for RCC_APB1PeriphClockCmd
    utils.o(.text) refers to stm32f4xx_gpio.o(.text) for GPIO_PinAFConfig
    utils.o(.text) refers to stm32f4xx_usart.o(.text) for USART_ClockStructInit
    utils.o(.text) refers to misc.o(.text) for NVIC_Init
    stm32f4_discovery.o(.text) refers to stm32f4xx_rcc.o(.text) for RCC_AHB1PeriphClockCmd
    stm32f4_discovery.o(.text) refers to stm32f4xx_gpio.o(.text) for GPIO_Init
    stm32f4_discovery.o(.text) refers to stm32f4xx_syscfg.o(.text) for SYSCFG_EXTILineConfig
    stm32f4_discovery.o(.text) refers to stm32f4xx_exti.o(.text) for EXTI_Init
    stm32f4_discovery.o(.text) refers to misc.o(.text) for NVIC_Init
    stm32f4_discovery.o(.text) refers to stm32f4_discovery.o(.constdata) for GPIO_CLK
    stm32f4_discovery.o(.text) refers to stm32f4_discovery.o(.data) for GPIO_PORT
[...]
    printfa.o(i.__0fprintf) refers to printfa.o(i._printf_core) for _printf_core
    printfa.o(i.__0fprintf) refers to retarget.o(.text) for fputc
    printfa.o(i.__0printf) refers (Special) to iusefp.o(.text) for __I$use$fp
    printfa.o(i.__0printf) refers to printfa.o(i._printf_core) for _printf_core
    printfa.o(i.__0printf) refers to retarget.o(.text) for fputc
    printfa.o(i.__0printf) refers to retarget.o(.data) for __stdout
    printfa.o(i.__0snprintf) refers (Special) to iusefp.o(.text) for __I$use$fp
    printfa.o(i.__0snprintf) refers to printfa.o(i._printf_core) for _printf_core
    printfa.o(i.__0snprintf) refers to printfa.o(i._snputc) for _snputc
    printfa.o(i.__0sprintf) refers (Special) to iusefp.o(.text) for __I$use$fp
    printfa.o(i.__0sprintf) refers to printfa.o(i._printf_core) for _printf_core
    printfa.o(i.__0sprintf) refers to printfa.o(i._sputc) for _sputc
    printfa.o(i.__0vfprintf) refers (Special) to iusefp.o(.text) for __I$use$fp
    printfa.o(i.__0vfprintf) refers to printfa.o(i._printf_core) for _printf_core
    printfa.o(i.__0vfprintf) refers to retarget.o(.text) for fputc
    printfa.o(i.__0vprintf) refers (Special) to iusefp.o(.text) for __I$use$fp
    printfa.o(i.__0vprintf) refers to printfa.o(i._printf_core) for _printf_core
    printfa.o(i.__0vprintf) refers to retarget.o(.text) for fputc
    printfa.o(i.__0vprintf) refers to retarget.o(.data) for __stdout
    printfa.o(i.__0vsnprintf) refers (Special) to iusefp.o(.text) for __I$use$fp
    printfa.o(i.__0vsnprintf) refers to printfa.o(i._printf_core) for _printf_core
    printfa.o(i.__0vsnprintf) refers to printfa.o(i._snputc) for _snputc
    printfa.o(i.__0vsprintf) refers (Special) to iusefp.o(.text) for __I$use$fp
    printfa.o(i.__0vsprintf) refers to printfa.o(i._printf_core) for _printf_core
    printfa.o(i.__0vsprintf) refers to printfa.o(i._sputc) for _sputc
    printfa.o(i._fp_digits) refers (Special) to iusefp.o(.text) for __I$use$fp
    printfa.o(i._fp_digits) refers to dmul.o(.text) for __aeabi_dmul
    printfa.o(i._fp_digits) refers to ddiv.o(.text) for __aeabi_ddiv
    printfa.o(i._fp_digits) refers to cdrcmple.o(.text) for __aeabi_cdrcmple
    printfa.o(i._fp_digits) refers to dadd.o(.text) for __aeabi_dadd
    printfa.o(i._fp_digits) refers to dfixul.o(.text) for __aeabi_d2ulz
    printfa.o(i._fp_digits) refers to uldiv.o(.text) for __aeabi_uldivmod
    printfa.o(i._printf_core) refers (Special) to iusefp.o(.text) for __I$use$fp
    printfa.o(i._printf_core) refers to printfa.o(i._printf_pre_padding) for _printf_pre_padding
    printfa.o(i._printf_core) refers to uldiv.o(.text) for __aeabi_uldivmod
    printfa.o(i._printf_core) refers to printfa.o(i._printf_post_padding) for _printf_post_padding
    printfa.o(i._printf_core) refers to printfa.o(i._fp_digits) for _fp_digits
    printfa.o(i._printf_core) refers to uidiv.o(.text) for __aeabi_uidivmod
    printfa.o(i._printf_post_padding) refers (Special) to iusefp.o(.text) for __I$use$fp
    printfa.o(i._printf_pre_padding) refers (Special) to iusefp.o(.text) for __I$use$fp
    printfa.o(i._snputc) refers (Special) to iusefp.o(.text) for __I$use$fp
    printfa.o(i._sputc) refers (Special) to iusefp.o(.text) for __I$use$fp
    f2d.o(.text) refers (Special) to iusefp.o(.text) for __I$use$fp
    entry2.o(.ARM.Collect$$$$00000001) refers to entry2.o(.ARM.Collect$$$$00002712) for __lit__00000000
    entry2.o(.ARM.Collect$$$$00002712) refers to startup_stm32f407xx.o(STACK) for __initial_sp
    entry2.o(__vectab_stack_and_reset_area) refers to startup_stm32f407xx.o(STACK) for __initial_sp
    entry2.o(__vectab_stack_and_reset_area) refers to entry.o(.ARM.Collect$$$$00000000) for __main
    entry5.o(.ARM.Collect$$$$00000004) refers to init.o(.text) for __scatterload
    entry9a.o(.ARM.Collect$$$$0000000B) refers to main.o(.text) for main
    entry9b.o(.ARM.Collect$$$$0000000C) refers to main.o(.text) for main
    uldiv.o(.text) refers to llushr.o(.text) for __aeabi_llsr
    uldiv.o(.text) refers to llshl.o(.text) for __aeabi_llsl
    dadd.o(.text) refers to llshl.o(.text) for __aeabi_llsl
    dadd.o(.text) refers to llsshr.o(.text) for __aeabi_lasr
    dadd.o(.text) refers to depilogue.o(.text) for _double_epilogue
    dmul.o(.text) refers to depilogue.o(.text) for _double_epilogue
    ddiv.o(.text) refers to depilogue.o(.text) for _double_round
    dfixul.o(.text) refers to llushr.o(.text) for __aeabi_llsr
    dfixul.o(.text) refers to llshl.o(.text) for __aeabi_llsl
    init.o(.text) refers to entry5.o(.ARM.Collect$$$$00000004) for __main_after_scatterload
    depilogue.o(.text) refers to llshl.o(.text) for __aeabi_llsl
    depilogue.o(.text) refers to llushr.o(.text) for __aeabi_llsr


==============================================================================

Removing Unused input sections from the image.

    Removing main.o(.emb_text), (8 bytes).
    Removing croutine.o(.emb_text), (8 bytes).
    Removing list.o(.emb_text), (8 bytes).
    Removing queue.o(.emb_text), (8 bytes).
    Removing tasks.o(.emb_text), (8 bytes).
    Removing timers.o(.emb_text), (8 bytes).
    Removing heap_2.o(.emb_text), (8 bytes).
    Removing misc.o(.emb_text), (8 bytes).
    Removing stm32f4xx_adc.o(.emb_text), (8 bytes).
    Removing stm32f4xx_dac.o(.emb_text), (8 bytes).
    Removing stm32f4xx_dac.o(.text), (528 bytes).
    Removing stm32f4xx_dbgmcu.o(.emb_text), (8 bytes).
    Removing stm32f4xx_dbgmcu.o(.text), (100 bytes).
    Removing stm32f4xx_gpio.o(.emb_text), (8 bytes).
    Removing stm32f4xx_i2c.o(.emb_text), (8 bytes).
    Removing stm32f4xx_i2c.o(.text), (1082 bytes).
    Removing stm32f4xx_pwr.o(.emb_text), (8 bytes).
    Removing stm32f4xx_pwr.o(.text), (224 bytes).
    Removing stm32f4xx_rcc.o(.emb_text), (8 bytes).
    Removing stm32f4xx_rtc.o(.emb_text), (8 bytes).
    Removing stm32f4xx_rtc.o(.text), (3380 bytes).
    Removing stm32f4xx_spi.o(.emb_text), (8 bytes).
    Removing stm32f4xx_spi.o(.text), (1046 bytes).
    Removing stm32f4xx_syscfg.o(.emb_text), (8 bytes).
    Removing stm32f4xx_syscfg.o(.text), (140 bytes).
    Removing stm32f4xx_tim.o(.emb_text), (8 bytes).
    Removing stm32f4xx_tim.o(.text), (3350 bytes).
    Removing stm32f4xx_usart.o(.emb_text), (8 bytes).
    Removing stm32f4xx_wwdg.o(.emb_text), (8 bytes).
    Removing stm32f4xx_wwdg.o(.text), (144 bytes).
    Removing stm32f4xx_iwdg.o(.emb_text), (8 bytes).
    Removing stm32f4xx_iwdg.o(.text), (64 bytes).
    Removing stm32f4xx_exti.o(.emb_text), (8 bytes).
    Removing stm32f4xx_exti.o(.text), (284 bytes).
    Removing stm32f4_discovery_lis302dl.o(.emb_text), (8 bytes).
    Removing stm32f4_discovery_lis302dl.o(.text), (960 bytes).
    Removing stm32f4_discovery_lis302dl.o(.data), (4 bytes).
    Removing utils.o(.emb_text), (8 bytes).
    Removing stm32f4_discovery.o(.emb_text), (8 bytes).
    Removing stm32f4_discovery.o(.text), (324 bytes).
    Removing stm32f4_discovery.o(.constdata), (37 bytes).
    Removing stm32f4_discovery.o(.data), (24 bytes).
    Removing retarget.o(.emb_text), (8 bytes).
    Removing analog.o(.emb_text), (8 bytes).
    Removing cache.o(.emb_text), (8 bytes).
    Removing uart.o(.emb_text), (8 bytes).
    Removing butled.o(.emb_text), (8 bytes).
    Removing butled.o(.data), (4 bytes).
    Removing startup_stm32f407xx.o(HEAP), (512 bytes).
    Removing system_stm32f4xx.o(.emb_text), (8 bytes).

50 unused section(s) (total 12463 bytes) removed from the image.

==============================================================================

Image Symbol Table

    Local Symbols

    Symbol Name                              Value     Ov Type        Size  Object(Section)

    ../clib/microlib/division.c              0x00000000   Number         0  uldiv.o ABSOLUTE
    ../clib/microlib/division.c              0x00000000   Number         0  uidiv.o ABSOLUTE
    ../clib/microlib/init/entry.s            0x00000000   Number         0  entry10a.o ABSOLUTE
    ../clib/microlib/init/entry.s            0x00000000   Number         0  entry9b.o ABSOLUTE
    ../clib/microlib/init/entry.s            0x00000000   Number         0  entry9a.o ABSOLUTE
    ../clib/microlib/init/entry.s            0x00000000   Number         0  entry8b.o ABSOLUTE
    ../clib/microlib/init/entry.s            0x00000000   Number         0  entry7b.o ABSOLUTE
    ../clib/microlib/init/entry.s            0x00000000   Number         0  entry7a.o ABSOLUTE
    ../clib/microlib/init/entry.s            0x00000000   Number         0  entry5.o ABSOLUTE
    ../clib/microlib/init/entry.s            0x00000000   Number         0  entry2.o ABSOLUTE
    ../clib/microlib/init/entry.s            0x00000000   Number         0  entry8a.o ABSOLUTE
    ../clib/microlib/init/entry.s            0x00000000   Number         0  entry11b.o ABSOLUTE
    ../clib/microlib/init/entry.s            0x00000000   Number         0  entry12b.o ABSOLUTE
    ../clib/microlib/init/entry.s            0x00000000   Number         0  entry12a.o ABSOLUTE
    ../clib/microlib/init/entry.s            0x00000000   Number         0  entry11a.o ABSOLUTE
    ../clib/microlib/init/entry.s            0x00000000   Number         0  entry10b.o ABSOLUTE
    ../clib/microlib/init/entry.s            0x00000000   Number         0  entry.o ABSOLUTE
    ../clib/microlib/longlong.c              0x00000000   Number         0  llsshr.o ABSOLUTE
    ../clib/microlib/longlong.c              0x00000000   Number         0  llushr.o ABSOLUTE
    ../clib/microlib/longlong.c              0x00000000   Number         0  llshl.o ABSOLUTE
    ../clib/microlib/printf/printf.c         0x00000000   Number         0  printfb.o ABSOLUTE
    ../clib/microlib/printf/printf.c         0x00000000   Number         0  printf0.o ABSOLUTE
    ../clib/microlib/printf/printf.c         0x00000000   Number         0  printf1.o ABSOLUTE
    ../clib/microlib/printf/printf.c         0x00000000   Number         0  printf2.o ABSOLUTE
    ../clib/microlib/printf/printf.c         0x00000000   Number         0  printf3.o ABSOLUTE
    ../clib/microlib/printf/printf.c         0x00000000   Number         0  printf8.o ABSOLUTE
    ../clib/microlib/printf/printf.c         0x00000000   Number         0  printf4.o ABSOLUTE
    ../clib/microlib/printf/printf.c         0x00000000   Number         0  printf5.o ABSOLUTE
    ../clib/microlib/printf/printf.c         0x00000000   Number         0  printf6.o ABSOLUTE
    ../clib/microlib/printf/printf.c         0x00000000   Number         0  printf7.o ABSOLUTE
    ../clib/microlib/printf/printf.c         0x00000000   Number         0  printfa.o ABSOLUTE
    ../clib/microlib/printf/stubs.s          0x00000000   Number         0  stubs.o ABSOLUTE
    ../clib/microlib/string/memcpy.c         0x00000000   Number         0  memcpya.o ABSOLUTE
    ../clib/microlib/string/memcpy.c         0x00000000   Number         0  memcpyb.o ABSOLUTE
    ../clib/microlib/string/memset.c         0x00000000   Number         0  memseta.o ABSOLUTE
    ../clib/microlib/string/strcmp.c         0x00000000   Number         0  strcmp.o ABSOLUTE
    ../clib/microlib/stubs.s                 0x00000000   Number         0  useno.o ABSOLUTE
    ../clib/microlib/stubs.s                 0x00000000   Number         0  iusefp.o ABSOLUTE
    ../fplib/microlib/f2d.c                  0x00000000   Number         0  f2d.o ABSOLUTE
    ../fplib/microlib/fpadd.c                0x00000000   Number         0  dadd.o ABSOLUTE
    ../fplib/microlib/fpdiv.c                0x00000000   Number         0  ddiv.o ABSOLUTE
    ../fplib/microlib/fpepilogue.c           0x00000000   Number         0  depilogue.o ABSOLUTE
    ../fplib/microlib/fpfix.c                0x00000000   Number         0  dfixul.o ABSOLUTE
    ../fplib/microlib/fpmul.c                0x00000000   Number         0  dmul.o ABSOLUTE
    Cache\ACC.c                              0x00000000   Number         0  acc.o ABSOLUTE
    Cache\Analog.c                           0x00000000   Number         0  analog.o ABSOLUTE
    Cache\ButLed.c                           0x00000000   Number         0  butled.o ABSOLUTE
    Cache\Cache.c                            0x00000000   Number         0  cache.o ABSOLUTE
    Cache\Uart.c                             0x00000000   Number         0  uart.o ABSOLUTE
    Cache\\Analog.c                          0x00000000   Number         0  analog.o ABSOLUTE
    Cache\\ButLed.c                          0x00000000   Number         0  butled.o ABSOLUTE
    Cache\\Cache.c                           0x00000000   Number         0  cache.o ABSOLUTE
    Cache\\Uart.c                            0x00000000   Number         0  uart.o ABSOLUTE
    Libraries\STM32F4xx_StdPeriph_Driver\src\misc.c 0x00000000   Number         0  misc.o ABSOLUTE
    Libraries\STM32F4xx_StdPeriph_Driver\src\stm32f4_discovery.c 0x00000000   Number         0  stm32f4_discovery.o ABSOLUTE
    Libraries\STM32F4xx_StdPeriph_Driver\src\stm32f4xx_adc.c 0x00000000   Number         0  stm32f4xx_adc.o ABSOLUTE
    Libraries\STM32F4xx_StdPeriph_Driver\src\stm32f4xx_dac.c 0x00000000   Number         0  stm32f4xx_dac.o ABSOLUTE
    Libraries\STM32F4xx_StdPeriph_Driver\src\stm32f4xx_dbgmcu.c 0x00000000   Number         0  stm32f4xx_dbgmcu.o ABSOLUTE
    Libraries\STM32F4xx_StdPeriph_Driver\src\stm32f4xx_exti.c 0x00000000   Number         0  stm32f4xx_exti.o ABSOLUTE
    Libraries\STM32F4xx_StdPeriph_Driver\src\stm32f4xx_gpio.c 0x00000000   Number         0  stm32f4xx_gpio.o ABSOLUTE
    Libraries\STM32F4xx_StdPeriph_Driver\src\stm32f4xx_i2c.c 0x00000000   Number         0  stm32f4xx_i2c.o ABSOLUTE
    Libraries\STM32F4xx_StdPeriph_Driver\src\stm32f4xx_iwdg.c 0x00000000   Number         0  stm32f4xx_iwdg.o ABSOLUTE
    Libraries\STM32F4xx_StdPeriph_Driver\src\stm32f4xx_pwr.c 0x00000000   Number         0  stm32f4xx_pwr.o ABSOLUTE
    Libraries\STM32F4xx_StdPeriph_Driver\src\stm32f4xx_rcc.c 0x00000000   Number         0  stm32f4xx_rcc.o ABSOLUTE
    Libraries\STM32F4xx_StdPeriph_Driver\src\stm32f4xx_rtc.c 0x00000000   Number         0  stm32f4xx_rtc.o ABSOLUTE
    Libraries\STM32F4xx_StdPeriph_Driver\src\stm32f4xx_spi.c 0x00000000   Number         0  stm32f4xx_spi.o ABSOLUTE
    Libraries\STM32F4xx_StdPeriph_Driver\src\stm32f4xx_syscfg.c 0x00000000   Number         0  stm32f4xx_syscfg.o ABSOLUTE
    Libraries\STM32F4xx_StdPeriph_Driver\src\stm32f4xx_tim.c 0x00000000   Number         0  stm32f4xx_tim.o ABSOLUTE
    Libraries\STM32F4xx_StdPeriph_Driver\src\stm32f4xx_usart.c 0x00000000   Number         0  stm32f4xx_usart.o ABSOLUTE
    Libraries\STM32F4xx_StdPeriph_Driver\src\stm32f4xx_wwdg.c 0x00000000   Number         0  stm32f4xx_wwdg.o ABSOLUTE
    Libraries\\STM32F4xx_StdPeriph_Driver\\src\\misc.c 0x00000000   Number         0  misc.o ABSOLUTE
    Libraries\\STM32F4xx_StdPeriph_Driver\\src\\stm32f4_discovery.c 0x00000000   Number         0  stm32f4_discovery.o ABSOLUTE
    Libraries\\STM32F4xx_StdPeriph_Driver\\src\\stm32f4xx_adc.c 0x00000000   Number         0  stm32f4xx_adc.o ABSOLUTE
    Libraries\\STM32F4xx_StdPeriph_Driver\\src\\stm32f4xx_dac.c 0x00000000   Number         0  stm32f4xx_dac.o ABSOLUTE
    Libraries\\STM32F4xx_StdPeriph_Driver\\src\\stm32f4xx_dbgmcu.c 0x00000000   Number         0  stm32f4xx_dbgmcu.o ABSOLUTE
    Libraries\\STM32F4xx_StdPeriph_Driver\\src\\stm32f4xx_exti.c 0x00000000   Number         0  stm32f4xx_exti.o ABSOLUTE
    Libraries\\STM32F4xx_StdPeriph_Driver\\src\\stm32f4xx_gpio.c 0x00000000   Number         0  stm32f4xx_gpio.o ABSOLUTE
    Libraries\\STM32F4xx_StdPeriph_Driver\\src\\stm32f4xx_i2c.c 0x00000000   Number         0  stm32f4xx_i2c.o ABSOLUTE
    Libraries\\STM32F4xx_StdPeriph_Driver\\src\\stm32f4xx_iwdg.c 0x00000000   Number         0  stm32f4xx_iwdg.o ABSOLUTE
    Libraries\\STM32F4xx_StdPeriph_Driver\\src\\stm32f4xx_pwr.c 0x00000000   Number         0  stm32f4xx_pwr.o ABSOLUTE
    Libraries\\STM32F4xx_StdPeriph_Driver\\src\\stm32f4xx_rcc.c 0x00000000   Number         0  stm32f4xx_rcc.o ABSOLUTE
    Libraries\\STM32F4xx_StdPeriph_Driver\\src\\stm32f4xx_rtc.c 0x00000000   Number         0  stm32f4xx_rtc.o ABSOLUTE
    Libraries\\STM32F4xx_StdPeriph_Driver\\src\\stm32f4xx_spi.c 0x00000000   Number         0  stm32f4xx_spi.o ABSOLUTE
    Libraries\\STM32F4xx_StdPeriph_Driver\\src\\stm32f4xx_syscfg.c 0x00000000   Number         0  stm32f4xx_syscfg.o ABSOLUTE
    Libraries\\STM32F4xx_StdPeriph_Driver\\src\\stm32f4xx_tim.c 0x00000000   Number         0  stm32f4xx_tim.o ABSOLUTE
    Libraries\\STM32F4xx_StdPeriph_Driver\\src\\stm32f4xx_usart.c 0x00000000   Number         0  stm32f4xx_usart.o ABSOLUTE
    Libraries\\STM32F4xx_StdPeriph_Driver\\src\\stm32f4xx_wwdg.c 0x00000000   Number         0  stm32f4xx_wwdg.o ABSOLUTE
    RTE\Device\STM32F407VG\startup_stm32f407xx.s 0x00000000   Number         0  startup_stm32f407xx.o ABSOLUTE
    RTE\Device\STM32F407VG\system_stm32f4xx.c 0x00000000   Number         0  system_stm32f4xx.o ABSOLUTE
    RTE\\Device\\STM32F407VG\\system_stm32f4xx.c 0x00000000   Number         0  system_stm32f4xx.o ABSOLUTE
    cdrcmple.s                               0x00000000   Number         0  cdrcmple.o ABSOLUTE
    dc.s                                     0x00000000   Number         0  dc.o ABSOLUTE
    handlers.s                               0x00000000   Number         0  handlers.o ABSOLUTE
    init.s                                   0x00000000   Number         0  init.o ABSOLUTE
    src\FreeRTOS\croutine.c                  0x00000000   Number         0  croutine.o ABSOLUTE
    src\FreeRTOS\list.c                      0x00000000   Number         0  list.o ABSOLUTE
    src\FreeRTOS\portable\MemMang\heap_2.c   0x00000000   Number         0  heap_2.o ABSOLUTE
    src\FreeRTOS\portable\RVDS\ARM_CM4F\port.c 0x00000000   Number         0  port.o ABSOLUTE
    src\FreeRTOS\queue.c                     0x00000000   Number         0  queue.o ABSOLUTE
    src\FreeRTOS\tasks.c                     0x00000000   Number         0  tasks.o ABSOLUTE
    src\FreeRTOS\timers.c                    0x00000000   Number         0  timers.o ABSOLUTE
    src\\FreeRTOS\\croutine.c                0x00000000   Number         0  croutine.o ABSOLUTE
    src\\FreeRTOS\\list.c                    0x00000000   Number         0  list.o ABSOLUTE
    src\\FreeRTOS\\portable\\MemMang\\heap_2.c 0x00000000   Number         0  heap_2.o ABSOLUTE
    src\\FreeRTOS\\portable\\RVDS\\ARM_CM4F\\port.c 0x00000000   Number         0  port.o ABSOLUTE
    src\\FreeRTOS\\queue.c                   0x00000000   Number         0  queue.o ABSOLUTE
    src\\FreeRTOS\\tasks.c                   0x00000000   Number         0  tasks.o ABSOLUTE
    src\\FreeRTOS\\timers.c                  0x00000000   Number         0  timers.o ABSOLUTE
    src\\main.c                              0x00000000   Number         0  main.o ABSOLUTE
    src\\retarget.c                          0x00000000   Number         0  retarget.o ABSOLUTE
    src\\stm32f4_discovery_lis302dl.c        0x00000000   Number         0  stm32f4_discovery_lis302dl.o ABSOLUTE
    src\\utils.c                             0x00000000   Number         0  utils.o ABSOLUTE
    src\main.c                               0x00000000   Number         0  main.o ABSOLUTE
    src\retarget.c                           0x00000000   Number         0  retarget.o ABSOLUTE
    src\stm32f4_discovery_lis302dl.c         0x00000000   Number         0  stm32f4_discovery_lis302dl.o ABSOLUTE
    src\utils.c                              0x00000000   Number         0  utils.o ABSOLUTE
    RESET                                    0x08000000   Section      392  startup_stm32f407xx.o(RESET)
    .ARM.Collect$$$$00000000                 0x08000188   Section        0  entry.o(.ARM.Collect$$$$00000000)
    .ARM.Collect$$$$00000001                 0x08000188   Section        4  entry2.o(.ARM.Collect$$$$00000001)
    .ARM.Collect$$$$00000004                 0x0800018c   Section        4  entry5.o(.ARM.Collect$$$$00000004)
    .ARM.Collect$$$$00000008                 0x08000190   Section        0  entry7b.o(.ARM.Collect$$$$00000008)
    .ARM.Collect$$$$0000000A                 0x08000190   Section        0  entry8b.o(.ARM.Collect$$$$0000000A)
    .ARM.Collect$$$$0000000B                 0x08000190   Section        8  entry9a.o(.ARM.Collect$$$$0000000B)
    .ARM.Collect$$$$0000000E                 0x08000198   Section        4  entry12b.o(.ARM.Collect$$$$0000000E)
    .ARM.Collect$$$$0000000F                 0x0800019c   Section        0  entry10a.o(.ARM.Collect$$$$0000000F)
    .ARM.Collect$$$$00000011                 0x0800019c   Section        0  entry11a.o(.ARM.Collect$$$$00000011)
    .ARM.Collect$$$$00002712                 0x0800019c   Section        4  entry2.o(.ARM.Collect$$$$00002712)
    __lit__00000000                          0x0800019c   Data           4  entry2.o(.ARM.Collect$$$$00002712)
    .emb_text                                0x080001a0   Section      190  port.o(.emb_text)
    $v0                                      0x080001a0   Number         0  port.o(.emb_text)
    .text                                    0x08000260   Section        0  main.o(.text)
    .text                                    0x08000380   Section        0  list.o(.text)
    .text                                    0x08000414   Section        0  queue.o(.text)
    prvInitialiseNewQueue                    0x080004a7   Thumb Code    42  queue.o(.text)
    prvUnlockQueue                           0x08000529   Thumb Code   126  queue.o(.text)
    prvIsQueueFull                           0x080005a7   Thumb Code    30  queue.o(.text)
    prvCopyDataToQueue                       0x080005c5   Thumb Code   124  queue.o(.text)
    prvInitialiseMutex                       0x080007e5   Thumb Code    28  queue.o(.text)
    prvIsQueueEmpty                          0x0800086f   Thumb Code    26  queue.o(.text)
    prvCopyDataFromQueue                     0x08000889   Thumb Code    42  queue.o(.text)
    .text                                    0x08001044   Section        0  tasks.o(.text)
    prvInitialiseTaskLists                   0x08001045   Thumb Code    70  tasks.o(.text)
    prvAddNewTaskToReadyList                 0x0800108b   Thumb Code   156  tasks.o(.text)
    prvInitialiseNewTask                     0x08001127   Thumb Code   180  tasks.o(.text)
    prvResetNextTaskUnblockTime              0x0800123b   Thumb Code    42  tasks.o(.text)
    prvDeleteTCB                             0x08001265   Thumb Code    18  tasks.o(.text)
    prvAddCurrentTaskToDelayedList           0x08001587   Thumb Code   124  tasks.o(.text)
    prvTaskIsTaskSuspended                   0x08001a71   Thumb Code    80  tasks.o(.text)
    prvCheckTasksWaitingTermination          0x08001bdf   Thumb Code    86  tasks.o(.text)
    prvIdleTask                              0x08001c35   Thumb Code    32  tasks.o(.text)
    prvTaskCheckFreeStackSpace               0x08001d7d   Thumb Code    22  tasks.o(.text)
    prvListTasksWithinSingleList             0x08001e05   Thumb Code   106  tasks.o(.text)
    .text                                    0x08002808   Section        0  timers.o(.text)
    prvInsertTimerInActiveList               0x08002809   Thumb Code    80  timers.o(.text)
    prvSwitchTimerLists                      0x080028d7   Thumb Code   150  timers.o(.text)
    prvSampleTimeNow                         0x0800296d   Thumb Code    40  timers.o(.text)
    prvProcessReceivedCommands               0x08002995   Thumb Code   242  timers.o(.text)
    prvProcessExpiredTimer                   0x08002a87   Thumb Code    94  timers.o(.text)
    prvProcessTimerOrBlockTask               0x08002ae5   Thumb Code   102  timers.o(.text)
    prvGetNextExpireTime                     0x08002b4b   Thumb Code    36  timers.o(.text)
    prvTimerTask                             0x08002b6f   Thumb Code    26  timers.o(.text)
    prvCheckForValidListAndQueue             0x08002b89   Thumb Code    72  timers.o(.text)
    prvInitialiseNewTimer                    0x08002c49   Thumb Code    78  timers.o(.text)
    .text                                    0x08002de8   Section        0  port.o(.text)
    prvTaskExitError                         0x08002de9   Thumb Code    60  port.o(.text)
    .text                                    0x080030f4   Section        0  heap_2.o(.text)
    prvHeapInit                              0x080030f5   Thumb Code    38  heap_2.o(.text)
    .text                                    0x08003218   Section        0  misc.o(.text)
    .text                                    0x080032f8   Section        0  stm32f4xx_adc.o(.text)
    .text                                    0x0800375c   Section        0  stm32f4xx_gpio.o(.text)
    .text                                    0x080039bc   Section        0  stm32f4xx_rcc.o(.text)
    .text                                    0x08003f44   Section        0  stm32f4xx_usart.o(.text)
    .text                                    0x08004370   Section        0  utils.o(.text)
    .text                                    0x08004454   Section        0  retarget.o(.text)
    .text                                    0x08004494   Section        0  analog.o(.text)
    getAnalog                                0x08004495   Thumb Code    50  analog.o(.text)
    .text                                    0x08004580   Section        0  cache.o(.text)
    .text                                    0x08004648   Section        0  uart.o(.text)
    .text                                    0x080047a4   Section        0  butled.o(.text)
    .text                                    0x08004860   Section       36  startup_stm32f407xx.o(.text)
    $v0                                      0x08004860   Number         0  startup_stm32f407xx.o(.text)
    .text                                    0x08004884   Section        0  system_stm32f4xx.o(.text)
    SetSysClock                              0x0800492f   Thumb Code   224  system_stm32f4xx.o(.text)
    .text                                    0x08004a98   Section        0  memcpya.o(.text)
    .text                                    0x08004abc   Section        0  memseta.o(.text)
    .text                                    0x08004ae0   Section        0  strcmp.o(.text)
    .text                                    0x08004afc   Section        0  f2d.o(.text)
    .text                                    0x08004b22   Section        0  uidiv.o(.text)
    .text                                    0x08004b4e   Section        0  uldiv.o(.text)
    .text                                    0x08004bb0   Section        0  iusefp.o(.text)
    .text                                    0x08004bb0   Section        0  dadd.o(.text)
    .text                                    0x08004cfe   Section        0  dmul.o(.text)
    .text                                    0x08004de2   Section        0  ddiv.o(.text)
    .text                                    0x08004ec0   Section        0  dfixul.o(.text)
    .text                                    0x08004ef0   Section       48  cdrcmple.o(.text)
    .text                                    0x08004f20   Section       36  init.o(.text)
    .text                                    0x08004f44   Section        0  llshl.o(.text)
    .text                                    0x08004f62   Section        0  llushr.o(.text)
    .text                                    0x08004f82   Section        0  llsshr.o(.text)
    .text                                    0x08004fa6   Section        0  depilogue.o(.text)
    i.__0printf                              0x08005060   Section        0  printfa.o(i.__0printf)
    i.__0snprintf                            0x08005080   Section        0  printfa.o(i.__0snprintf)
    i.__scatterload_copy                     0x080050b4   Section       14  handlers.o(i.__scatterload_copy)
    i.__scatterload_null                     0x080050c2   Section        2  handlers.o(i.__scatterload_null)
    i.__scatterload_zeroinit                 0x080050c4   Section       14  handlers.o(i.__scatterload_zeroinit)
    i._fp_digits                             0x080050d4   Section        0  printfa.o(i._fp_digits)
    _fp_digits                               0x080050d5   Thumb Code   366  printfa.o(i._fp_digits)
    i._printf_core                           0x08005258   Section        0  printfa.o(i._printf_core)
    _printf_core                             0x08005259   Thumb Code  1704  printfa.o(i._printf_core)
    i._printf_post_padding                   0x0800590c   Section        0  printfa.o(i._printf_post_padding)
    _printf_post_padding                     0x0800590d   Thumb Code    36  printfa.o(i._printf_post_padding)
    i._printf_pre_padding                    0x08005930   Section        0  printfa.o(i._printf_pre_padding)
    _printf_pre_padding                      0x08005931   Thumb Code    46  printfa.o(i._printf_pre_padding)
    i._snputc                                0x0800595e   Section        0  printfa.o(i._snputc)
    _snputc                                  0x0800595f   Thumb Code    22  printfa.o(i._snputc)
    .constdata                               0x08005974   Section       48  analog.o(.constdata)
    .constdata                               0x080059a4   Section       16  system_stm32f4xx.o(.constdata)
    .data                                    0x20000000   Section       60  tasks.o(.data)
    pxDelayedTaskList                        0x20000004   Data           4  tasks.o(.data)
    pxOverflowDelayedTaskList                0x20000008   Data           4  tasks.o(.data)
    uxDeletedTasksWaitingCleanUp             0x2000000c   Data           4  tasks.o(.data)
    uxCurrentNumberOfTasks                   0x20000010   Data           4  tasks.o(.data)
    xTickCount                               0x20000014   Data           4  tasks.o(.data)
    uxTopReadyPriority                       0x20000018   Data           4  tasks.o(.data)
    xSchedulerRunning                        0x2000001c   Data           4  tasks.o(.data)
    uxPendedTicks                            0x20000020   Data           4  tasks.o(.data)
    xYieldPending                            0x20000024   Data           4  tasks.o(.data)
    xNumOfOverflows                          0x20000028   Data           4  tasks.o(.data)
    uxTaskNumber                             0x2000002c   Data           4  tasks.o(.data)
    xNextTaskUnblockTime                     0x20000030   Data           4  tasks.o(.data)
    xIdleTaskHandle                          0x20000034   Data           4  tasks.o(.data)
    uxSchedulerSuspended                     0x20000038   Data           4  tasks.o(.data)
    .data                                    0x2000003c   Section       20  timers.o(.data)
    pxCurrentTimerList                       0x2000003c   Data           4  timers.o(.data)
    pxOverflowTimerList                      0x20000040   Data           4  timers.o(.data)
    xTimerQueue                              0x20000044   Data           4  timers.o(.data)
    xTimerTaskHandle                         0x20000048   Data           4  timers.o(.data)
    xLastTime                                0x2000004c   Data           4  timers.o(.data)
    .data                                    0x20000050   Section       12  port.o(.data)
    uxCriticalNesting                        0x20000050   Data           4  port.o(.data)
    ucMaxSysCallPriority                     0x20000054   Data           1  port.o(.data)
    ulMaxPRIGROUPValue                       0x20000058   Data           4  port.o(.data)
    .data                                    0x2000005c   Section       24  heap_2.o(.data)
    xStart                                   0x2000005c   Data           8  heap_2.o(.data)
    xEnd                                     0x20000064   Data           8  heap_2.o(.data)
    xFreeBytesRemaining                      0x2000006c   Data           4  heap_2.o(.data)
    xHeapHasBeenInitialised                  0x20000070   Data           4  heap_2.o(.data)
    .data                                    0x20000074   Section       16  stm32f4xx_rcc.o(.data)
    APBAHBPrescTable                         0x20000074   Data          16  stm32f4xx_rcc.o(.data)
    .data                                    0x20000084   Section        4  retarget.o(.data)
    .data                                    0x20000088   Section        4  analog.o(.data)
    .data                                    0x2000008c   Section        8  cache.o(.data)
    .data                                    0x20000094   Section       16  uart.o(.data)
    .data                                    0x200000a4   Section        4  system_stm32f4xx.o(.data)
    .bss                                     0x200000a8   Section       64  queue.o(.bss)
    .bss                                     0x200000e8   Section      200  tasks.o(.bss)
    pxReadyTasksLists                        0x200000e8   Data         100  tasks.o(.bss)
    xDelayedTaskList1                        0x2000014c   Data          20  tasks.o(.bss)
    xDelayedTaskList2                        0x20000160   Data          20  tasks.o(.bss)
    xPendingReadyList                        0x20000174   Data          20  tasks.o(.bss)
    xTasksWaitingTermination                 0x20000188   Data          20  tasks.o(.bss)
    xSuspendedTaskList                       0x2000019c   Data          20  tasks.o(.bss)
    .bss                                     0x200001b0   Section       40  timers.o(.bss)
    xActiveTimerList1                        0x200001b0   Data          20  timers.o(.bss)
    xActiveTimerList2                        0x200001c4   Data          20  timers.o(.bss)
    .bss                                     0x200001d8   Section    76800  heap_2.o(.bss)
    ucHeap                                   0x200001d8   Data       76800  heap_2.o(.bss)
    STACK                                    0x20012dd8   Section     1024  startup_stm32f407xx.o(STACK)

    Global Symbols

    Symbol Name                              Value     Ov Type        Size  Object(Section)

    BuildAttributes$$THM_ISAv4$E$P$D$K$B$S$7EM$VFPi3$EXTD16$VFPS$VFMA$PE$A:L22UL41UL21$X:L11$S22US41US21$IEEE1$IW$USESV6$~STKCKD$USESV7$~SHL$OSPACE$ROPI$EBA8$MICROLIB$REQ8$PRES8$EABIv2 0x00000000   Number         0  anon$$obj.o ABSOLUTE
    __ARM_use_no_argv                        0x00000000   Number         0  main.o ABSOLUTE
    __use_no_errno                           0x00000000   Number         0  useno.o ABSOLUTE
    __use_no_exception_handling              0x00000000   Number         0  useno.o ABSOLUTE
    __use_no_fp                              0x00000000   Number         0  useno.o ABSOLUTE
    __use_no_heap                            0x00000000   Number         0  useno.o ABSOLUTE
    __use_no_heap_region                     0x00000000   Number         0  useno.o ABSOLUTE
    __use_no_semihosting                     0x00000000   Number         0  useno.o ABSOLUTE
    __use_no_semihosting_swi                 0x00000000   Number         0  useno.o ABSOLUTE
    __use_no_signal_handling                 0x00000000   Number         0  useno.o ABSOLUTE
    _printf_a                                0x00000000   Number         0  stubs.o ABSOLUTE
    _printf_c                                0x00000000   Number         0  stubs.o ABSOLUTE
    _printf_charcount                        0x00000000   Number         0  stubs.o ABSOLUTE
    _printf_d                                0x00000000   Number         0  stubs.o ABSOLUTE
    _printf_e                                0x00000000   Number         0  stubs.o ABSOLUTE
    _printf_f                                0x00000000   Number         0  stubs.o ABSOLUTE
    _printf_flags                            0x00000000   Number         0  stubs.o ABSOLUTE
    _printf_fp_dec                           0x00000000   Number         0  stubs.o ABSOLUTE
    _printf_fp_hex                           0x00000000   Number         0  stubs.o ABSOLUTE
    _printf_g                                0x00000000   Number         0  stubs.o ABSOLUTE
    _printf_i                                0x00000000   Number         0  stubs.o ABSOLUTE
    _printf_int_dec                          0x00000000   Number         0  stubs.o ABSOLUTE
    _printf_l                                0x00000000   Number         0  stubs.o ABSOLUTE
    _printf_lc                               0x00000000   Number         0  stubs.o ABSOLUTE
    _printf_ll                               0x00000000   Number         0  stubs.o ABSOLUTE
    _printf_lld                              0x00000000   Number         0  stubs.o ABSOLUTE
    _printf_lli                              0x00000000   Number         0  stubs.o ABSOLUTE
    _printf_llo                              0x00000000   Number         0  stubs.o ABSOLUTE
    _printf_llu                              0x00000000   Number         0  stubs.o ABSOLUTE
    _printf_llx                              0x00000000   Number         0  stubs.o ABSOLUTE
    _printf_longlong_dec                     0x00000000   Number         0  stubs.o ABSOLUTE
    _printf_longlong_hex                     0x00000000   Number         0  stubs.o ABSOLUTE
    _printf_longlong_oct                     0x00000000   Number         0  stubs.o ABSOLUTE
    _printf_ls                               0x00000000   Number         0  stubs.o ABSOLUTE
    _printf_mbtowc                           0x00000000   Number         0  stubs.o ABSOLUTE
    _printf_n                                0x00000000   Number         0  stubs.o ABSOLUTE
    _printf_o                                0x00000000   Number         0  stubs.o ABSOLUTE
    _printf_p                                0x00000000   Number         0  stubs.o ABSOLUTE
    _printf_percent                          0x00000000   Number         0  stubs.o ABSOLUTE
    _printf_pre_padding                      0x00000000   Number         0  stubs.o ABSOLUTE
    _printf_return_value                     0x00000000   Number         0  stubs.o ABSOLUTE
    _printf_s                                0x00000000   Number         0  stubs.o ABSOLUTE
    _printf_sizespec                         0x00000000   Number         0  stubs.o ABSOLUTE
    _printf_str                              0x00000000   Number         0  stubs.o ABSOLUTE
    _printf_truncate_signed                  0x00000000   Number         0  stubs.o ABSOLUTE
    _printf_truncate_unsigned                0x00000000   Number         0  stubs.o ABSOLUTE
    _printf_u                                0x00000000   Number         0  stubs.o ABSOLUTE
    _printf_wc                               0x00000000   Number         0  stubs.o ABSOLUTE
    _printf_wctomb                           0x00000000   Number         0  stubs.o ABSOLUTE
    _printf_widthprec                        0x00000000   Number         0  stubs.o ABSOLUTE
    _printf_x                                0x00000000   Number         0  stubs.o ABSOLUTE
    __arm_fini_                               - Undefined Weak Reference
    __cpp_initialize__aeabi_                  - Undefined Weak Reference
    __cxa_finalize                            - Undefined Weak Reference
    __decompress                              - Undefined Weak Reference
    _clock_init                               - Undefined Weak Reference
    _microlib_exit                            - Undefined Weak Reference
    __Vectors_Size                           0x00000188   Number         0  startup_stm32f407xx.o ABSOLUTE
    __Vectors                                0x08000000   Data           4  startup_stm32f407xx.o(RESET)
    __Vectors_End                            0x08000188   Data           0  startup_stm32f407xx.o(RESET)
    __main                                   0x08000189   Thumb Code     0  entry.o(.ARM.Collect$$$$00000000)
    _main_stk                                0x08000189   Thumb Code     0  entry2.o(.ARM.Collect$$$$00000001)
    _main_scatterload                        0x0800018d   Thumb Code     0  entry5.o(.ARM.Collect$$$$00000004)
    __main_after_scatterload                 0x08000191   Thumb Code     0  entry5.o(.ARM.Collect$$$$00000004)
    _main_clock                              0x08000191   Thumb Code     0  entry7b.o(.ARM.Collect$$$$00000008)
    _main_cpp_init                           0x08000191   Thumb Code     0  entry8b.o(.ARM.Collect$$$$0000000A)
    _main_init                               0x08000191   Thumb Code     0  entry9a.o(.ARM.Collect$$$$0000000B)
    __rt_lib_shutdown_fini                   0x08000199   Thumb Code     0  entry12b.o(.ARM.Collect$$$$0000000E)
    __rt_final_cpp                           0x0800019d   Thumb Code     0  entry10a.o(.ARM.Collect$$$$0000000F)
    __rt_final_exit                          0x0800019d   Thumb Code     0  entry11a.o(.ARM.Collect$$$$00000011)
    __asm___6_port_c_39a90d8d____REV16       0x080001a1   Thumb Code     4  port.o(.emb_text)
    __asm___6_port_c_39a90d8d____REVSH       0x080001a5   Thumb Code     4  port.o(.emb_text)
    SVC_Handler                              0x080001a9   Thumb Code    28  port.o(.emb_text)
    __asm___6_port_c_39a90d8d__prvStartFirstTask 0x080001c9   Thumb Code    28  port.o(.emb_text)
    __asm___6_port_c_39a90d8d__prvEnableVFP  0x080001e9   Thumb Code    16  port.o(.emb_text)
    PendSV_Handler                           0x080001fd   Thumb Code    88  port.o(.emb_text)
    vPortGetIPSR                             0x08000259   Thumb Code     6  port.o(.emb_text)
    main                                     0x08000261   Thumb Code   178  main.o(.text)
    vListInitialise                          0x08000381   Thumb Code    26  list.o(.text)
    vListInitialiseItem                      0x0800039b   Thumb Code     6  list.o(.text)
    vListInsertEnd                           0x080003a1   Thumb Code    24  list.o(.text)
    vListInsert                              0x080003b9   Thumb Code    52  list.o(.text)
    uxListRemove                             0x080003ed   Thumb Code    40  list.o(.text)
    xQueueGenericReset                       0x08000415   Thumb Code   146  queue.o(.text)
    xQueueGenericCreate                      0x080004d1   Thumb Code    88  queue.o(.text)
    xQueueGenericSend                        0x08000641   Thumb Code   420  queue.o(.text)
    xQueueCreateMutex                        0x08000801   Thumb Code    34  queue.o(.text)
    xQueueGiveMutexRecursive                 0x08000823   Thumb Code    76  queue.o(.text)
    xQueueGenericReceive                     0x080008b3   Thumb Code   446  queue.o(.text)
    xQueueTakeMutexRecursive                 0x08000a71   Thumb Code    82  queue.o(.text)
    xQueueCreateCountingSemaphore            0x08000ac3   Thumb Code    92  queue.o(.text)
    xQueueGenericSendFromISR                 0x08000b1f   Thumb Code   248  queue.o(.text)
    xQueueGiveFromISR                        0x08000c17   Thumb Code   224  queue.o(.text)
    xQueueReceiveFromISR                     0x08000cf7   Thumb Code   210  queue.o(.text)
    xQueuePeekFromISR                        0x08000dc9   Thumb Code   176  queue.o(.text)
    uxQueueMessagesWaiting                   0x08000e79   Thumb Code    42  queue.o(.text)
    uxQueueSpacesAvailable                   0x08000ea3   Thumb Code    48  queue.o(.text)
    uxQueueMessagesWaitingFromISR            0x08000ed3   Thumb Code    30  queue.o(.text)
    vQueueUnregisterQueue                    0x08000ef1   Thumb Code    44  queue.o(.text)
    vQueueDelete                             0x08000f1d   Thumb Code    44  queue.o(.text)
    uxQueueGetQueueNumber                    0x08000f49   Thumb Code     6  queue.o(.text)
    vQueueSetQueueNumber                     0x08000f4f   Thumb Code     4  queue.o(.text)
    ucQueueGetQueueType                      0x08000f53   Thumb Code     8  queue.o(.text)
    xQueueIsQueueEmptyFromISR                0x08000f5b   Thumb Code    38  queue.o(.text)
    xQueueIsQueueFullFromISR                 0x08000f81   Thumb Code    42  queue.o(.text)
    vQueueAddToRegistry                      0x08000fab   Thumb Code    38  queue.o(.text)
    pcQueueGetName                           0x08000fd1   Thumb Code    38  queue.o(.text)
    vQueueWaitForMessageRestricted           0x08000ff7   Thumb Code    74  queue.o(.text)
    xTaskCreate                              0x080011db   Thumb Code    96  tasks.o(.text)
    vTaskDelete                              0x08001277   Thumb Code   202  tasks.o(.text)
    xTaskIncrementTick                       0x08001341   Thumb Code   358  tasks.o(.text)
    xTaskResumeAll                           0x080014a7   Thumb Code   224  tasks.o(.text)
    vTaskSuspendAll                          0x08001603   Thumb Code    12  tasks.o(.text)
    vTaskDelayUntil                          0x0800160f   Thumb Code   200  tasks.o(.text)
    vTaskDelay                               0x080016d7   Thumb Code    82  tasks.o(.text)
    eTaskGetState                            0x08001729   Thumb Code   112  tasks.o(.text)
    uxTaskPriorityGet                        0x08001799   Thumb Code    30  tasks.o(.text)
    uxTaskPriorityGetFromISR                 0x080017b7   Thumb Code    62  tasks.o(.text)
    vTaskPrioritySet                         0x080017f5   Thumb Code   322  tasks.o(.text)
    vTaskSwitchContext                       0x08001937   Thumb Code   118  tasks.o(.text)
    vTaskSuspend                             0x080019ad   Thumb Code   196  tasks.o(.text)
    vTaskResume                              0x08001ac1   Thumb Code   128  tasks.o(.text)
    xTaskResumeFromISR                       0x08001b41   Thumb Code   158  tasks.o(.text)
    vTaskStartScheduler                      0x08001c55   Thumb Code   192  tasks.o(.text)
    vTaskEndScheduler                        0x08001d15   Thumb Code    32  tasks.o(.text)
    xTaskGetTickCount                        0x08001d35   Thumb Code     6  tasks.o(.text)
    xTaskGetTickCountFromISR                 0x08001d3b   Thumb Code    16  tasks.o(.text)
    uxTaskGetNumberOfTasks                   0x08001d4b   Thumb Code     6  tasks.o(.text)
    pcTaskGetName                            0x08001d51   Thumb Code    44  tasks.o(.text)
    vTaskGetInfo                             0x08001d93   Thumb Code   114  tasks.o(.text)
    uxTaskGetSystemState                     0x08001e6f   Thumb Code   152  tasks.o(.text)
    vTaskPlaceOnEventList                    0x08001f07   Thumb Code    52  tasks.o(.text)
    vTaskPlaceOnUnorderedEventList           0x08001f3b   Thumb Code   100  tasks.o(.text)
    vTaskPlaceOnEventListRestricted          0x08001f9f   Thumb Code    60  tasks.o(.text)
    xTaskRemoveFromEventList                 0x08001fdb   Thumb Code   128  tasks.o(.text)
    xTaskRemoveFromUnorderedEventList        0x0800205b   Thumb Code   154  tasks.o(.text)
    vTaskSetTimeOutState                     0x080020f5   Thumb Code    90  tasks.o(.text)
    xTaskCheckForTimeOut                     0x0800214f   Thumb Code   132  tasks.o(.text)
    vTaskMissedYield                         0x080021d3   Thumb Code     8  tasks.o(.text)
    uxTaskGetTaskNumber                      0x080021db   Thumb Code    14  tasks.o(.text)
    vTaskSetTaskNumber                       0x080021e9   Thumb Code     8  tasks.o(.text)
    xTaskGetCurrentTaskHandle                0x080021f1   Thumb Code     6  tasks.o(.text)
    xTaskGetSchedulerState                   0x080021f7   Thumb Code    24  tasks.o(.text)
    vTaskPriorityInherit                     0x0800220f   Thumb Code   164  tasks.o(.text)
    xTaskPriorityDisinherit                  0x080022b3   Thumb Code   188  tasks.o(.text)
    uxTaskResetEventItemValue                0x0800236f   Thumb Code    24  tasks.o(.text)
    pvTaskIncrementMutexHeldCount            0x08002387   Thumb Code    26  tasks.o(.text)
    ulTaskNotifyTake                         0x080023a1   Thumb Code   108  tasks.o(.text)
    xTaskNotifyWait                          0x0800240d   Thumb Code   150  tasks.o(.text)
    xTaskGenericNotify                       0x080024a3   Thumb Code   280  tasks.o(.text)
    xTaskGenericNotifyFromISR                0x080025bb   Thumb Code   298  tasks.o(.text)
    vTaskNotifyGiveFromISR                   0x080026e5   Thumb Code   216  tasks.o(.text)
    xTaskNotifyStateClear                    0x080027bd   Thumb Code    48  tasks.o(.text)
    xTimerGenericCommand                     0x08002859   Thumb Code   126  timers.o(.text)
    xTimerCreateTimerTask                    0x08002bd1   Thumb Code   120  timers.o(.text)
    xTimerCreate                             0x08002c97   Thumb Code    48  timers.o(.text)
    xTimerGetTimerDaemonTaskHandle           0x08002cc7   Thumb Code    42  timers.o(.text)
    xTimerGetPeriod                          0x08002cf1   Thumb Code    32  timers.o(.text)
    xTimerGetExpiryTime                      0x08002d11   Thumb Code    34  timers.o(.text)
    pcTimerGetName                           0x08002d33   Thumb Code    32  timers.o(.text)
    xTimerIsTimerActive                      0x08002d53   Thumb Code    56  timers.o(.text)
    pvTimerGetTimerID                        0x08002d8b   Thumb Code    44  timers.o(.text)
    vTimerSetTimerID                         0x08002db7   Thumb Code    44  timers.o(.text)
    pxPortInitialiseStack                    0x08002e25   Thumb Code    38  port.o(.text)
    vPortSetupTimerInterrupt                 0x08002e4b   Thumb Code    26  port.o(.text)
    xPortStartScheduler                      0x08002e65   Thumb Code   288  port.o(.text)
    vPortEndScheduler                        0x08002f85   Thumb Code    42  port.o(.text)
    vPortEnterCritical                       0x08002faf   Thumb Code    78  port.o(.text)
    vPortExitCritical                        0x08002ffd   Thumb Code    56  port.o(.text)
    SysTick_Handler                          0x08003035   Thumb Code    48  port.o(.text)
    vPortValidateInterruptPriority           0x08003065   Thumb Code   108  port.o(.text)
    pvPortMalloc                             0x0800311b   Thumb Code   164  heap_2.o(.text)
    vPortFree                                0x080031bf   Thumb Code    56  heap_2.o(.text)
    xPortGetFreeHeapSize                     0x080031f7   Thumb Code     6  heap_2.o(.text)
    vPortInitialiseBlocks                    0x080031fd   Thumb Code     2  heap_2.o(.text)
    NVIC_PriorityGroupConfig                 0x08003219   Thumb Code    10  misc.o(.text)
    NVIC_Init                                0x08003223   Thumb Code   106  misc.o(.text)
    NVIC_SetVectorTable                      0x0800328d   Thumb Code    14  misc.o(.text)
    NVIC_SystemLPConfig                      0x0800329b   Thumb Code    34  misc.o(.text)
    SysTick_CLKSourceConfig                  0x080032bd   Thumb Code    40  misc.o(.text)
    ADC_DeInit                               0x080032f9   Thumb Code    22  stm32f4xx_adc.o(.text)
    ADC_Init                                 0x0800330f   Thumb Code    74  stm32f4xx_adc.o(.text)
    ADC_StructInit                           0x08003359   Thumb Code    20  stm32f4xx_adc.o(.text)
    ADC_CommonInit                           0x0800336d   Thumb Code    34  stm32f4xx_adc.o(.text)
    ADC_CommonStructInit                     0x0800338f   Thumb Code    12  stm32f4xx_adc.o(.text)
    ADC_Cmd                                  0x0800339b   Thumb Code    22  stm32f4xx_adc.o(.text)
    ADC_AnalogWatchdogCmd                    0x080033b1   Thumb Code    16  stm32f4xx_adc.o(.text)
    ADC_AnalogWatchdogThresholdsConfig       0x080033c1   Thumb Code     6  stm32f4xx_adc.o(.text)
    ADC_AnalogWatchdogSingleChannelConfig    0x080033c7   Thumb Code    16  stm32f4xx_adc.o(.text)
    ADC_TempSensorVrefintCmd                 0x080033d7   Thumb Code    34  stm32f4xx_adc.o(.text)
    ADC_VBATCmd                              0x080033f9   Thumb Code    34  stm32f4xx_adc.o(.text)
    ADC_RegularChannelConfig                 0x0800341b   Thumb Code   184  stm32f4xx_adc.o(.text)
    ADC_SoftwareStartConv                    0x080034d3   Thumb Code    10  stm32f4xx_adc.o(.text)
    ADC_GetSoftwareStartConvStatus           0x080034dd   Thumb Code    20  stm32f4xx_adc.o(.text)
    ADC_EOCOnEachRegularChannelCmd           0x080034f1   Thumb Code    22  stm32f4xx_adc.o(.text)
    ADC_ContinuousModeCmd                    0x08003507   Thumb Code    22  stm32f4xx_adc.o(.text)
    ADC_DiscModeChannelCountConfig           0x0800351d   Thumb Code    24  stm32f4xx_adc.o(.text)
    ADC_DiscModeCmd                          0x08003535   Thumb Code    22  stm32f4xx_adc.o(.text)
    ADC_GetConversionValue                   0x0800354b   Thumb Code     8  stm32f4xx_adc.o(.text)
    ADC_GetMultiModeConversionValue          0x08003553   Thumb Code     8  stm32f4xx_adc.o(.text)
    ADC_DMACmd                               0x0800355b   Thumb Code    22  stm32f4xx_adc.o(.text)
    ADC_DMARequestAfterLastTransferCmd       0x08003571   Thumb Code    22  stm32f4xx_adc.o(.text)
    ADC_MultiModeDMARequestAfterLastTransferCmd 0x08003587   Thumb Code    34  stm32f4xx_adc.o(.text)
    ADC_InjectedChannelConfig                0x080035a9   Thumb Code   130  stm32f4xx_adc.o(.text)
    ADC_InjectedSequencerLengthConfig        0x0800362b   Thumb Code    24  stm32f4xx_adc.o(.text)
    ADC_SetInjectedOffset                    0x08003643   Thumb Code    20  stm32f4xx_adc.o(.text)
    ADC_ExternalTrigInjectedConvConfig       0x08003657   Thumb Code    16  stm32f4xx_adc.o(.text)
    ADC_ExternalTrigInjectedConvEdgeConfig   0x08003667   Thumb Code    16  stm32f4xx_adc.o(.text)
    ADC_SoftwareStartInjectedConv            0x08003677   Thumb Code    10  stm32f4xx_adc.o(.text)
    ADC_GetSoftwareStartInjectedConvCmdStatus 0x08003681   Thumb Code    20  stm32f4xx_adc.o(.text)
    ADC_AutoInjectedConvCmd                  0x08003695   Thumb Code    22  stm32f4xx_adc.o(.text)
    ADC_InjectedDiscModeCmd                  0x080036ab   Thumb Code    22  stm32f4xx_adc.o(.text)
    ADC_GetInjectedConversionValue           0x080036c1   Thumb Code    28  stm32f4xx_adc.o(.text)
    ADC_ITConfig                             0x080036dd   Thumb Code    56  stm32f4xx_adc.o(.text)
    ADC_GetFlagStatus                        0x08003715   Thumb Code    18  stm32f4xx_adc.o(.text)
    ADC_ClearFlag                            0x08003727   Thumb Code     6  stm32f4xx_adc.o(.text)
    ADC_GetITStatus                          0x0800372d   Thumb Code    38  stm32f4xx_adc.o(.text)
    ADC_ClearITPendingBit                    0x08003753   Thumb Code    10  stm32f4xx_adc.o(.text)
    GPIO_DeInit                              0x0800375d   Thumb Code   220  stm32f4xx_gpio.o(.text)
    GPIO_Init                                0x08003839   Thumb Code   144  stm32f4xx_gpio.o(.text)
    GPIO_StructInit                          0x080038c9   Thumb Code    18  stm32f4xx_gpio.o(.text)
    GPIO_PinLockConfig                       0x080038db   Thumb Code    34  stm32f4xx_gpio.o(.text)
    GPIO_ReadInputDataBit                    0x080038fd   Thumb Code    18  stm32f4xx_gpio.o(.text)
    GPIO_ReadInputData                       0x0800390f   Thumb Code     8  stm32f4xx_gpio.o(.text)
    GPIO_ReadOutputDataBit                   0x08003917   Thumb Code    18  stm32f4xx_gpio.o(.text)
    GPIO_ReadOutputData                      0x08003929   Thumb Code     8  stm32f4xx_gpio.o(.text)
    GPIO_SetBits                             0x08003931   Thumb Code     4  stm32f4xx_gpio.o(.text)
    GPIO_ResetBits                           0x08003935   Thumb Code     6  stm32f4xx_gpio.o(.text)
    GPIO_WriteBit                            0x0800393b   Thumb Code    12  stm32f4xx_gpio.o(.text)
    GPIO_Write                               0x08003947   Thumb Code     4  stm32f4xx_gpio.o(.text)
    GPIO_ToggleBits                          0x0800394b   Thumb Code     8  stm32f4xx_gpio.o(.text)
    GPIO_PinAFConfig                         0x08003953   Thumb Code    70  stm32f4xx_gpio.o(.text)
    RCC_DeInit                               0x080039bd   Thumb Code    60  stm32f4xx_rcc.o(.text)
    RCC_HSEConfig                            0x080039f9   Thumb Code    14  stm32f4xx_rcc.o(.text)
    RCC_GetFlagStatus                        0x08003a07   Thumb Code    60  stm32f4xx_rcc.o(.text)
    RCC_WaitForHSEStartUp                    0x08003a43   Thumb Code    56  stm32f4xx_rcc.o(.text)
    RCC_AdjustHSICalibrationValue            0x08003a7b   Thumb Code    20  stm32f4xx_rcc.o(.text)
    RCC_HSICmd                               0x08003a8f   Thumb Code     6  stm32f4xx_rcc.o(.text)
    RCC_LSEConfig                            0x08003a95   Thumb Code    46  stm32f4xx_rcc.o(.text)
    RCC_LSICmd                               0x08003ac3   Thumb Code     6  stm32f4xx_rcc.o(.text)
    RCC_PLLConfig                            0x08003ac9   Thumb Code    32  stm32f4xx_rcc.o(.text)
    RCC_PLLCmd                               0x08003ae9   Thumb Code     6  stm32f4xx_rcc.o(.text)
    RCC_PLLI2SConfig                         0x08003aef   Thumb Code    14  stm32f4xx_rcc.o(.text)
    RCC_PLLI2SCmd                            0x08003afd   Thumb Code     6  stm32f4xx_rcc.o(.text)
    RCC_ClockSecuritySystemCmd               0x08003b03   Thumb Code     6  stm32f4xx_rcc.o(.text)
    RCC_MCO1Config                           0x08003b09   Thumb Code    28  stm32f4xx_rcc.o(.text)
    RCC_MCO2Config                           0x08003b25   Thumb Code    28  stm32f4xx_rcc.o(.text)
    RCC_SYSCLKConfig                         0x08003b41   Thumb Code    20  stm32f4xx_rcc.o(.text)
    RCC_GetSYSCLKSource                      0x08003b55   Thumb Code    12  stm32f4xx_rcc.o(.text)
    RCC_HCLKConfig                           0x08003b61   Thumb Code    20  stm32f4xx_rcc.o(.text)
    RCC_PCLK1Config                          0x08003b75   Thumb Code    20  stm32f4xx_rcc.o(.text)
    RCC_PCLK2Config                          0x08003b89   Thumb Code    22  stm32f4xx_rcc.o(.text)
    RCC_GetClocksFreq                        0x08003b9f   Thumb Code   222  stm32f4xx_rcc.o(.text)
    RCC_RTCCLKConfig                         0x08003c7d   Thumb Code    54  stm32f4xx_rcc.o(.text)
    RCC_RTCCLKCmd                            0x08003cb3   Thumb Code     8  stm32f4xx_rcc.o(.text)
    RCC_BackupResetCmd                       0x08003cbb   Thumb Code     8  stm32f4xx_rcc.o(.text)
    RCC_I2SCLKConfig                         0x08003cc3   Thumb Code     6  stm32f4xx_rcc.o(.text)
    RCC_AHB1PeriphClockCmd                   0x08003cc9   Thumb Code    34  stm32f4xx_rcc.o(.text)
    RCC_AHB2PeriphClockCmd                   0x08003ceb   Thumb Code    34  stm32f4xx_rcc.o(.text)
    RCC_AHB3PeriphClockCmd                   0x08003d0d   Thumb Code    34  stm32f4xx_rcc.o(.text)
    RCC_APB1PeriphClockCmd                   0x08003d2f   Thumb Code    34  stm32f4xx_rcc.o(.text)
    RCC_APB2PeriphClockCmd                   0x08003d51   Thumb Code    34  stm32f4xx_rcc.o(.text)
    RCC_AHB1PeriphResetCmd                   0x08003d73   Thumb Code    34  stm32f4xx_rcc.o(.text)
    RCC_AHB2PeriphResetCmd                   0x08003d95   Thumb Code    72  stm32f4xx_rcc.o(.text)
    RCC_AHB3PeriphResetCmd                   0x08003ddd   Thumb Code    34  stm32f4xx_rcc.o(.text)
    RCC_APB1PeriphResetCmd                   0x08003dff   Thumb Code    34  stm32f4xx_rcc.o(.text)
    RCC_APB2PeriphResetCmd                   0x08003e21   Thumb Code    34  stm32f4xx_rcc.o(.text)
    RCC_AHB1PeriphClockLPModeCmd             0x08003e43   Thumb Code    34  stm32f4xx_rcc.o(.text)
    RCC_AHB2PeriphClockLPModeCmd             0x08003e65   Thumb Code    34  stm32f4xx_rcc.o(.text)
    RCC_AHB3PeriphClockLPModeCmd             0x08003e87   Thumb Code    34  stm32f4xx_rcc.o(.text)
    RCC_APB1PeriphClockLPModeCmd             0x08003ea9   Thumb Code    34  stm32f4xx_rcc.o(.text)
    RCC_APB2PeriphClockLPModeCmd             0x08003ecb   Thumb Code    34  stm32f4xx_rcc.o(.text)
    RCC_ITConfig                             0x08003eed   Thumb Code    34  stm32f4xx_rcc.o(.text)
    RCC_ClearFlag                            0x08003f0f   Thumb Code    18  stm32f4xx_rcc.o(.text)
    RCC_GetITStatus                          0x08003f21   Thumb Code    22  stm32f4xx_rcc.o(.text)
    RCC_ClearITPendingBit                    0x08003f37   Thumb Code     8  stm32f4xx_rcc.o(.text)
    USART_DeInit                             0x08003f45   Thumb Code   156  stm32f4xx_usart.o(.text)
    USART_Init                               0x08003fe1   Thumb Code   212  stm32f4xx_usart.o(.text)
    USART_StructInit                         0x080040b5   Thumb Code    24  stm32f4xx_usart.o(.text)
    USART_ClockInit                          0x080040cd   Thumb Code    32  stm32f4xx_usart.o(.text)
    USART_ClockStructInit                    0x080040ed   Thumb Code    12  stm32f4xx_usart.o(.text)
    USART_Cmd                                0x080040f9   Thumb Code    24  stm32f4xx_usart.o(.text)
    USART_SetPrescaler                       0x08004111   Thumb Code    16  stm32f4xx_usart.o(.text)
    USART_OverSampling8Cmd                   0x08004121   Thumb Code    22  stm32f4xx_usart.o(.text)
    USART_OneBitMethodCmd                    0x08004137   Thumb Code    24  stm32f4xx_usart.o(.text)
    USART_SendData                           0x0800414f   Thumb Code     8  stm32f4xx_usart.o(.text)
    USART_ReceiveData                        0x08004157   Thumb Code    10  stm32f4xx_usart.o(.text)
    USART_SetAddress                         0x08004161   Thumb Code    18  stm32f4xx_usart.o(.text)
    USART_ReceiverWakeUpCmd                  0x08004173   Thumb Code    24  stm32f4xx_usart.o(.text)
    USART_WakeUpConfig                       0x0800418b   Thumb Code    18  stm32f4xx_usart.o(.text)
    USART_LINBreakDetectLengthConfig         0x0800419d   Thumb Code    18  stm32f4xx_usart.o(.text)
    USART_LINCmd                             0x080041af   Thumb Code    24  stm32f4xx_usart.o(.text)
    USART_SendBreak                          0x080041c7   Thumb Code    10  stm32f4xx_usart.o(.text)
    USART_HalfDuplexCmd                      0x080041d1   Thumb Code    24  stm32f4xx_usart.o(.text)
    USART_SetGuardTime                       0x080041e9   Thumb Code    16  stm32f4xx_usart.o(.text)
    USART_SmartCardCmd                       0x080041f9   Thumb Code    24  stm32f4xx_usart.o(.text)
    USART_SmartCardNACKCmd                   0x08004211   Thumb Code    24  stm32f4xx_usart.o(.text)
    USART_IrDAConfig                         0x08004229   Thumb Code    18  stm32f4xx_usart.o(.text)
    USART_IrDACmd                            0x0800423b   Thumb Code    24  stm32f4xx_usart.o(.text)
    USART_DMACmd                             0x08004253   Thumb Code    24  stm32f4xx_usart.o(.text)
    USART_ITConfig                           0x0800426b   Thumb Code    74  stm32f4xx_usart.o(.text)
    USART_GetFlagStatus                      0x080042b5   Thumb Code    26  stm32f4xx_usart.o(.text)
    USART_ClearFlag                          0x080042cf   Thumb Code    20  stm32f4xx_usart.o(.text)
    USART_GetITStatus                        0x080042e3   Thumb Code   110  stm32f4xx_usart.o(.text)
    USART_ClearITPendingBit                  0x08004351   Thumb Code    32  stm32f4xx_usart.o(.text)
    vUSART2_Init                             0x08004371   Thumb Code   132  utils.o(.text)
    vUSART2_RX_IRQ_Init                      0x080043f5   Thumb Code    78  utils.o(.text)
    sendchar                                 0x08004455   Thumb Code    22  retarget.o(.text)
    fputc                                    0x0800446b   Thumb Code    14  retarget.o(.text)
    ferror                                   0x08004479   Thumb Code     8  retarget.o(.text)
    _ttywrch                                 0x08004481   Thumb Code    12  retarget.o(.text)
    _sys_exit                                0x0800448d   Thumb Code     4  retarget.o(.text)
    vAnalog                                  0x080044c7   Thumb Code    74  analog.o(.text)
    initAnalog                               0x08004511   Thumb Code    88  analog.o(.text)
    vCache                                   0x08004581   Thumb Code   146  cache.o(.text)
    vRxUart                                  0x08004649   Thumb Code   214  uart.o(.text)
    vTxUart                                  0x0800471f   Thumb Code    28  uart.o(.text)
    USART2_IRQHandler                        0x0800473b   Thumb Code    36  uart.o(.text)
    vGPIO                                    0x080047a5   Thumb Code    74  butled.o(.text)
    initLEDs                                 0x080047ef   Thumb Code    50  butled.o(.text)
    initBUTs                                 0x08004821   Thumb Code    54  butled.o(.text)
    Reset_Handler                            0x08004861   Thumb Code     8  startup_stm32f407xx.o(.text)
    NMI_Handler                              0x08004869   Thumb Code     2  startup_stm32f407xx.o(.text)
    HardFault_Handler                        0x0800486b   Thumb Code     2  startup_stm32f407xx.o(.text)
    MemManage_Handler                        0x0800486d   Thumb Code     2  startup_stm32f407xx.o(.text)
    BusFault_Handler                         0x0800486f   Thumb Code     2  startup_stm32f407xx.o(.text)
    UsageFault_Handler                       0x08004871   Thumb Code     2  startup_stm32f407xx.o(.text)
    DebugMon_Handler                         0x08004875   Thumb Code     2  startup_stm32f407xx.o(.text)
    ADC_IRQHandler                           0x0800487b   Thumb Code     0  startup_stm32f407xx.o(.text)
    CAN1_RX0_IRQHandler                      0x0800487b   Thumb Code     0  startup_stm32f407xx.o(.text)
    CAN1_RX1_IRQHandler                      0x0800487b   Thumb Code     0  startup_stm32f407xx.o(.text)
    CAN1_SCE_IRQHandler                      0x0800487b   Thumb Code     0  startup_stm32f407xx.o(.text)
    CAN1_TX_IRQHandler                       0x0800487b   Thumb Code     0  startup_stm32f407xx.o(.text)
    CAN2_RX0_IRQHandler                      0x0800487b   Thumb Code     0  startup_stm32f407xx.o(.text)
    CAN2_RX1_IRQHandler                      0x0800487b   Thumb Code     0  startup_stm32f407xx.o(.text)
    CAN2_SCE_IRQHandler                      0x0800487b   Thumb Code     0  startup_stm32f407xx.o(.text)
    CAN2_TX_IRQHandler                       0x0800487b   Thumb Code     0  startup_stm32f407xx.o(.text)
    DCMI_IRQHandler                          0x0800487b   Thumb Code     0  startup_stm32f407xx.o(.text)
    DMA1_Stream0_IRQHandler                  0x0800487b   Thumb Code     0  startup_stm32f407xx.o(.text)
    DMA1_Stream1_IRQHandler                  0x0800487b   Thumb Code     0  startup_stm32f407xx.o(.text)
    DMA1_Stream2_IRQHandler                  0x0800487b   Thumb Code     0  startup_stm32f407xx.o(.text)
    DMA1_Stream3_IRQHandler                  0x0800487b   Thumb Code     0  startup_stm32f407xx.o(.text)
    DMA1_Stream4_IRQHandler                  0x0800487b   Thumb Code     0  startup_stm32f407xx.o(.text)
    DMA1_Stream5_IRQHandler                  0x0800487b   Thumb Code     0  startup_stm32f407xx.o(.text)
    DMA1_Stream6_IRQHandler                  0x0800487b   Thumb Code     0  startup_stm32f407xx.o(.text)
    DMA1_Stream7_IRQHandler                  0x0800487b   Thumb Code     0  startup_stm32f407xx.o(.text)
    DMA2_Stream0_IRQHandler                  0x0800487b   Thumb Code     0  startup_stm32f407xx.o(.text)
    DMA2_Stream1_IRQHandler                  0x0800487b   Thumb Code     0  startup_stm32f407xx.o(.text)
    DMA2_Stream2_IRQHandler                  0x0800487b   Thumb Code     0  startup_stm32f407xx.o(.text)
    DMA2_Stream3_IRQHandler                  0x0800487b   Thumb Code     0  startup_stm32f407xx.o(.text)
    DMA2_Stream4_IRQHandler                  0x0800487b   Thumb Code     0  startup_stm32f407xx.o(.text)
    DMA2_Stream5_IRQHandler                  0x0800487b   Thumb Code     0  startup_stm32f407xx.o(.text)
    DMA2_Stream6_IRQHandler                  0x0800487b   Thumb Code     0  startup_stm32f407xx.o(.text)
    DMA2_Stream7_IRQHandler                  0x0800487b   Thumb Code     0  startup_stm32f407xx.o(.text)
    ETH_IRQHandler                           0x0800487b   Thumb Code     0  startup_stm32f407xx.o(.text)
    ETH_WKUP_IRQHandler                      0x0800487b   Thumb Code     0  startup_stm32f407xx.o(.text)
    EXTI0_IRQHandler                         0x0800487b   Thumb Code     0  startup_stm32f407xx.o(.text)
    EXTI15_10_IRQHandler                     0x0800487b   Thumb Code     0  startup_stm32f407xx.o(.text)
    EXTI1_IRQHandler                         0x0800487b   Thumb Code     0  startup_stm32f407xx.o(.text)
    EXTI2_IRQHandler                         0x0800487b   Thumb Code     0  startup_stm32f407xx.o(.text)
    EXTI3_IRQHandler                         0x0800487b   Thumb Code     0  startup_stm32f407xx.o(.text)
    EXTI4_IRQHandler                         0x0800487b   Thumb Code     0  startup_stm32f407xx.o(.text)
    EXTI9_5_IRQHandler                       0x0800487b   Thumb Code     0  startup_stm32f407xx.o(.text)
    FLASH_IRQHandler                         0x0800487b   Thumb Code     0  startup_stm32f407xx.o(.text)
    FMC_IRQHandler                           0x0800487b   Thumb Code     0  startup_stm32f407xx.o(.text)
    FPU_IRQHandler                           0x0800487b   Thumb Code     0  startup_stm32f407xx.o(.text)
    HASH_RNG_IRQHandler                      0x0800487b   Thumb Code     0  startup_stm32f407xx.o(.text)
    I2C1_ER_IRQHandler                       0x0800487b   Thumb Code     0  startup_stm32f407xx.o(.text)
    I2C1_EV_IRQHandler                       0x0800487b   Thumb Code     0  startup_stm32f407xx.o(.text)
    I2C2_ER_IRQHandler                       0x0800487b   Thumb Code     0  startup_stm32f407xx.o(.text)
    I2C2_EV_IRQHandler                       0x0800487b   Thumb Code     0  startup_stm32f407xx.o(.text)
    I2C3_ER_IRQHandler                       0x0800487b   Thumb Code     0  startup_stm32f407xx.o(.text)
    I2C3_EV_IRQHandler                       0x0800487b   Thumb Code     0  startup_stm32f407xx.o(.text)
    OTG_FS_IRQHandler                        0x0800487b   Thumb Code     0  startup_stm32f407xx.o(.text)
    OTG_FS_WKUP_IRQHandler                   0x0800487b   Thumb Code     0  startup_stm32f407xx.o(.text)
    OTG_HS_EP1_IN_IRQHandler                 0x0800487b   Thumb Code     0  startup_stm32f407xx.o(.text)
    OTG_HS_EP1_OUT_IRQHandler                0x0800487b   Thumb Code     0  startup_stm32f407xx.o(.text)
    OTG_HS_IRQHandler                        0x0800487b   Thumb Code     0  startup_stm32f407xx.o(.text)
    OTG_HS_WKUP_IRQHandler                   0x0800487b   Thumb Code     0  startup_stm32f407xx.o(.text)
    PVD_IRQHandler                           0x0800487b   Thumb Code     0  startup_stm32f407xx.o(.text)
    RCC_IRQHandler                           0x0800487b   Thumb Code     0  startup_stm32f407xx.o(.text)
    RTC_Alarm_IRQHandler                     0x0800487b   Thumb Code     0  startup_stm32f407xx.o(.text)
    RTC_WKUP_IRQHandler                      0x0800487b   Thumb Code     0  startup_stm32f407xx.o(.text)
    SDIO_IRQHandler                          0x0800487b   Thumb Code     0  startup_stm32f407xx.o(.text)
    SPI1_IRQHandler                          0x0800487b   Thumb Code     0  startup_stm32f407xx.o(.text)
    SPI2_IRQHandler                          0x0800487b   Thumb Code     0  startup_stm32f407xx.o(.text)
    SPI3_IRQHandler                          0x0800487b   Thumb Code     0  startup_stm32f407xx.o(.text)
    TAMP_STAMP_IRQHandler                    0x0800487b   Thumb Code     0  startup_stm32f407xx.o(.text)
    TIM1_BRK_TIM9_IRQHandler                 0x0800487b   Thumb Code     0  startup_stm32f407xx.o(.text)
    TIM1_CC_IRQHandler                       0x0800487b   Thumb Code     0  startup_stm32f407xx.o(.text)
    TIM1_TRG_COM_TIM11_IRQHandler            0x0800487b   Thumb Code     0  startup_stm32f407xx.o(.text)
    TIM1_UP_TIM10_IRQHandler                 0x0800487b   Thumb Code     0  startup_stm32f407xx.o(.text)
    TIM2_IRQHandler                          0x0800487b   Thumb Code     0  startup_stm32f407xx.o(.text)
    TIM3_IRQHandler                          0x0800487b   Thumb Code     0  startup_stm32f407xx.o(.text)
    TIM4_IRQHandler                          0x0800487b   Thumb Code     0  startup_stm32f407xx.o(.text)
    TIM5_IRQHandler                          0x0800487b   Thumb Code     0  startup_stm32f407xx.o(.text)
    TIM6_DAC_IRQHandler                      0x0800487b   Thumb Code     0  startup_stm32f407xx.o(.text)
    TIM7_IRQHandler                          0x0800487b   Thumb Code     0  startup_stm32f407xx.o(.text)
    TIM8_BRK_TIM12_IRQHandler                0x0800487b   Thumb Code     0  startup_stm32f407xx.o(.text)
    TIM8_CC_IRQHandler                       0x0800487b   Thumb Code     0  startup_stm32f407xx.o(.text)
    TIM8_TRG_COM_TIM14_IRQHandler            0x0800487b   Thumb Code     0  startup_stm32f407xx.o(.text)
    TIM8_UP_TIM13_IRQHandler                 0x0800487b   Thumb Code     0  startup_stm32f407xx.o(.text)
    UART4_IRQHandler                         0x0800487b   Thumb Code     0  startup_stm32f407xx.o(.text)
    UART5_IRQHandler                         0x0800487b   Thumb Code     0  startup_stm32f407xx.o(.text)
    USART1_IRQHandler                        0x0800487b   Thumb Code     0  startup_stm32f407xx.o(.text)
    USART3_IRQHandler                        0x0800487b   Thumb Code     0  startup_stm32f407xx.o(.text)
    USART6_IRQHandler                        0x0800487b   Thumb Code     0  startup_stm32f407xx.o(.text)
    WWDG_IRQHandler                          0x0800487b   Thumb Code     0  startup_stm32f407xx.o(.text)
    SystemCoreClockUpdate                    0x08004885   Thumb Code   170  system_stm32f4xx.o(.text)
    SystemInit                               0x08004a0f   Thumb Code    94  system_stm32f4xx.o(.text)
    __aeabi_memcpy                           0x08004a99   Thumb Code    36  memcpya.o(.text)
    __aeabi_memcpy4                          0x08004a99   Thumb Code     0  memcpya.o(.text)
    __aeabi_memcpy8                          0x08004a99   Thumb Code     0  memcpya.o(.text)
    __aeabi_memset                           0x08004abd   Thumb Code    14  memseta.o(.text)
    __aeabi_memset4                          0x08004abd   Thumb Code     0  memseta.o(.text)
    __aeabi_memset8                          0x08004abd   Thumb Code     0  memseta.o(.text)
    __aeabi_memclr                           0x08004acb   Thumb Code     4  memseta.o(.text)
    __aeabi_memclr4                          0x08004acb   Thumb Code     0  memseta.o(.text)
    __aeabi_memclr8                          0x08004acb   Thumb Code     0  memseta.o(.text)
    _memset$wrapper                          0x08004acf   Thumb Code    18  memseta.o(.text)
    strcmp                                   0x08004ae1   Thumb Code    28  strcmp.o(.text)
    __aeabi_f2d                              0x08004afd   Thumb Code    38  f2d.o(.text)
    __aeabi_uidiv                            0x08004b23   Thumb Code     0  uidiv.o(.text)
    __aeabi_uidivmod                         0x08004b23   Thumb Code    44  uidiv.o(.text)
    __aeabi_uldivmod                         0x08004b4f   Thumb Code    98  uldiv.o(.text)
    __I$use$fp                               0x08004bb1   Thumb Code     0  iusefp.o(.text)
    __aeabi_dadd                             0x08004bb1   Thumb Code   322  dadd.o(.text)
    __aeabi_dsub                             0x08004cf3   Thumb Code     6  dadd.o(.text)
    __aeabi_drsub                            0x08004cf9   Thumb Code     6  dadd.o(.text)
    __aeabi_dmul                             0x08004cff   Thumb Code   228  dmul.o(.text)
    __aeabi_ddiv                             0x08004de3   Thumb Code   222  ddiv.o(.text)
    __aeabi_d2ulz                            0x08004ec1   Thumb Code    48  dfixul.o(.text)
    __aeabi_cdrcmple                         0x08004ef1   Thumb Code    48  cdrcmple.o(.text)
    __scatterload                            0x08004f21   Thumb Code    28  init.o(.text)
    __scatterload_rt2                        0x08004f21   Thumb Code     0  init.o(.text)
    __aeabi_llsl                             0x08004f45   Thumb Code    30  llshl.o(.text)
    _ll_shift_l                              0x08004f45   Thumb Code     0  llshl.o(.text)
    __aeabi_llsr                             0x08004f63   Thumb Code    32  llushr.o(.text)
    _ll_ushift_r                             0x08004f63   Thumb Code     0  llushr.o(.text)
    __aeabi_lasr                             0x08004f83   Thumb Code    36  llsshr.o(.text)
    _ll_sshift_r                             0x08004f83   Thumb Code     0  llsshr.o(.text)
    _double_round                            0x08004fa7   Thumb Code    30  depilogue.o(.text)
    _double_epilogue                         0x08004fc5   Thumb Code   156  depilogue.o(.text)
    __0printf                                0x08005061   Thumb Code    22  printfa.o(i.__0printf)
    __1printf                                0x08005061   Thumb Code     0  printfa.o(i.__0printf)
    __2printf                                0x08005061   Thumb Code     0  printfa.o(i.__0printf)
    __c89printf                              0x08005061   Thumb Code     0  printfa.o(i.__0printf)
    printf                                   0x08005061   Thumb Code     0  printfa.o(i.__0printf)
    __0snprintf                              0x08005081   Thumb Code    48  printfa.o(i.__0snprintf)
    __1snprintf                              0x08005081   Thumb Code     0  printfa.o(i.__0snprintf)
    __2snprintf                              0x08005081   Thumb Code     0  printfa.o(i.__0snprintf)
    __c89snprintf                            0x08005081   Thumb Code     0  printfa.o(i.__0snprintf)
    snprintf                                 0x08005081   Thumb Code     0  printfa.o(i.__0snprintf)
    __scatterload_copy                       0x080050b5   Thumb Code    14  handlers.o(i.__scatterload_copy)
    __scatterload_null                       0x080050c3   Thumb Code     2  handlers.o(i.__scatterload_null)
    __scatterload_zeroinit                   0x080050c5   Thumb Code    14  handlers.o(i.__scatterload_zeroinit)
    AHBPrescTable                            0x080059a4   Data          16  system_stm32f4xx.o(.constdata)
    Region$$Table$$Base                      0x080059b4   Number         0  anon$$obj.o(Region$$Table)
    Region$$Table$$Limit                     0x080059d4   Number         0  anon$$obj.o(Region$$Table)
    pxCurrentTCB                             0x20000000   Data           4  tasks.o(.data)
    __stdout                                 0x20000084   Data           4  retarget.o(.data)
    hAnalog                                  0x20000088   Data           4  analog.o(.data)
    hCache                                   0x2000008c   Data           4  cache.o(.data)
    CacheQueue                               0x20000090   Data           4  cache.o(.data)
    hPrintTask                               0x20000094   Data           4  uart.o(.data)
    hRxUart                                  0x20000098   Data           4  uart.o(.data)
    UartTxQueue                              0x2000009c   Data           4  uart.o(.data)
    UartRxQueue                              0x200000a0   Data           4  uart.o(.data)
    SystemCoreClock                          0x200000a4   Data           4  system_stm32f4xx.o(.data)
    xQueueRegistry                           0x200000a8   Data          64  queue.o(.bss)
    __initial_sp                             0x200131d8   Data           0  startup_stm32f407xx.o(STACK)



==============================================================================

Memory Map of the image

  Image Entry point : 0x08004861

  Load Region LR_1 (Base: 0x08000000, Size: 0x00005a7c, Max: 0xffffffff, ABSOLUTE)

    Execution Region ER_RO (Exec base: 0x08000000, Load base: 0x08000000, Size: 0x000059d4, Max: 0xffffffff, ABSOLUTE)

    Exec Addr    Load Addr    Size         Type   Attr      Idx    E Section Name        Object

    0x08000000   0x08000000   0x00000188   Data   RO          843    RESET               startup_stm32f407xx.o
    0x08000188   0x08000188   0x00000000   Code   RO          871  * .ARM.Collect$$$$00000000  mc_w.l(entry.o)
    0x08000188   0x08000188   0x00000004   Code   RO         1145    .ARM.Collect$$$$00000001  mc_w.l(entry2.o)
    0x0800018c   0x0800018c   0x00000004   Code   RO         1148    .ARM.Collect$$$$00000004  mc_w.l(entry5.o)
    0x08000190   0x08000190   0x00000000   Code   RO         1150    .ARM.Collect$$$$00000008  mc_w.l(entry7b.o)
    0x08000190   0x08000190   0x00000000   Code   RO         1152    .ARM.Collect$$$$0000000A  mc_w.l(entry8b.o)
    0x08000190   0x08000190   0x00000008   Code   RO         1153    .ARM.Collect$$$$0000000B  mc_w.l(entry9a.o)
    0x08000198   0x08000198   0x00000004   Code   RO         1160    .ARM.Collect$$$$0000000E  mc_w.l(entry12b.o)
    0x0800019c   0x0800019c   0x00000000   Code   RO         1155    .ARM.Collect$$$$0000000F  mc_w.l(entry10a.o)
    0x0800019c   0x0800019c   0x00000000   Code   RO         1157    .ARM.Collect$$$$00000011  mc_w.l(entry11a.o)
    0x0800019c   0x0800019c   0x00000004   Code   RO         1146    .ARM.Collect$$$$00002712  mc_w.l(entry2.o)
    0x080001a0   0x080001a0   0x000000be   Code   RO          345    .emb_text           port.o
    0x0800025e   0x0800025e   0x00000002   PAD
    0x08000260   0x08000260   0x00000120   Code   RO            2    .text               main.o
    0x08000380   0x08000380   0x00000094   Code   RO          227    .text               list.o
    0x08000414   0x08000414   0x00000c30   Code   RO          252    .text               queue.o
    0x08001044   0x08001044   0x000017c4   Code   RO          289    .text               tasks.o
    0x08002808   0x08002808   0x000005e0   Code   RO          315    .text               timers.o
    0x08002de8   0x08002de8   0x0000030c   Code   RO          346    .text               port.o
    0x080030f4   0x080030f4   0x00000124   Code   RO          376    .text               heap_2.o
    0x08003218   0x08003218   0x000000e0   Code   RO          395    .text               misc.o
    0x080032f8   0x080032f8   0x00000464   Code   RO          411    .text               stm32f4xx_adc.o
    0x0800375c   0x0800375c   0x00000260   Code   RO          459    .text               stm32f4xx_gpio.o
    0x080039bc   0x080039bc   0x00000588   Code   RO          507    .text               stm32f4xx_rcc.o
    0x08003f44   0x08003f44   0x0000042c   Code   RO          589    .text               stm32f4xx_usart.o
    0x08004370   0x08004370   0x000000e4   Code   RO          675    .text               utils.o
    0x08004454   0x08004454   0x00000040   Code   RO          721    .text               retarget.o
    0x08004494   0x08004494   0x000000ec   Code   RO          747    .text               analog.o
    0x08004580   0x08004580   0x000000c8   Code   RO          774    .text               cache.o
    0x08004648   0x08004648   0x0000015c   Code   RO          797    .text               uart.o
    0x080047a4   0x080047a4   0x000000bc   Code   RO          820    .text               butled.o
    0x08004860   0x08004860   0x00000024   Code   RO          844  * .text               startup_stm32f407xx.o
    0x08004884   0x08004884   0x00000214   Code   RO          849    .text               system_stm32f4xx.o
    0x08004a98   0x08004a98   0x00000024   Code   RO          874    .text               mc_w.l(memcpya.o)
    0x08004abc   0x08004abc   0x00000024   Code   RO          876    .text               mc_w.l(memseta.o)
    0x08004ae0   0x08004ae0   0x0000001c   Code   RO          878    .text               mc_w.l(strcmp.o)
    0x08004afc   0x08004afc   0x00000026   Code   RO         1143    .text               mf_w.l(f2d.o)
    0x08004b22   0x08004b22   0x0000002c   Code   RO         1161    .text               mc_w.l(uidiv.o)
    0x08004b4e   0x08004b4e   0x00000062   Code   RO         1163    .text               mc_w.l(uldiv.o)
    0x08004bb0   0x08004bb0   0x00000000   Code   RO         1165    .text               mc_w.l(iusefp.o)
    0x08004bb0   0x08004bb0   0x0000014e   Code   RO         1166    .text               mf_w.l(dadd.o)
    0x08004cfe   0x08004cfe   0x000000e4   Code   RO         1168    .text               mf_w.l(dmul.o)
    0x08004de2   0x08004de2   0x000000de   Code   RO         1170    .text               mf_w.l(ddiv.o)
    0x08004ec0   0x08004ec0   0x00000030   Code   RO         1172    .text               mf_w.l(dfixul.o)
    0x08004ef0   0x08004ef0   0x00000030   Code   RO         1174    .text               mf_w.l(cdrcmple.o)
    0x08004f20   0x08004f20   0x00000024   Code   RO         1176    .text               mc_w.l(init.o)
    0x08004f44   0x08004f44   0x0000001e   Code   RO         1178    .text               mc_w.l(llshl.o)
    0x08004f62   0x08004f62   0x00000020   Code   RO         1180    .text               mc_w.l(llushr.o)
    0x08004f82   0x08004f82   0x00000024   Code   RO         1182    .text               mc_w.l(llsshr.o)
    0x08004fa6   0x08004fa6   0x000000ba   Code   RO         1184    .text               mf_w.l(depilogue.o)
    0x08005060   0x08005060   0x00000020   Code   RO         1115    i.__0printf         mc_w.l(printfa.o)
    0x08005080   0x08005080   0x00000034   Code   RO         1116    i.__0snprintf       mc_w.l(printfa.o)
    0x080050b4   0x080050b4   0x0000000e   Code   RO         1188    i.__scatterload_copy  mc_w.l(handlers.o)
    0x080050c2   0x080050c2   0x00000002   Code   RO         1189    i.__scatterload_null  mc_w.l(handlers.o)
    0x080050c4   0x080050c4   0x0000000e   Code   RO         1190    i.__scatterload_zeroinit  mc_w.l(handlers.o)
    0x080050d2   0x080050d2   0x00000002   PAD
    0x080050d4   0x080050d4   0x00000184   Code   RO         1122    i._fp_digits        mc_w.l(printfa.o)
    0x08005258   0x08005258   0x000006b4   Code   RO         1123    i._printf_core      mc_w.l(printfa.o)
    0x0800590c   0x0800590c   0x00000024   Code   RO         1124    i._printf_post_padding  mc_w.l(printfa.o)
    0x08005930   0x08005930   0x0000002e   Code   RO         1125    i._printf_pre_padding  mc_w.l(printfa.o)
    0x0800595e   0x0800595e   0x00000016   Code   RO         1126    i._snputc           mc_w.l(printfa.o)
    0x08005974   0x08005974   0x00000030   Data   RO          748    .constdata          analog.o
    0x080059a4   0x080059a4   0x00000010   Data   RO          850    .constdata          system_stm32f4xx.o
    0x080059b4   0x080059b4   0x00000020   Data   RO         1186    Region$$Table       anon$$obj.o


    Execution Region ER_RW (Exec base: 0x20000000, Load base: 0x080059d4, Size: 0x000000a8, Max: 0xffffffff, ABSOLUTE)

    Exec Addr    Load Addr    Size         Type   Attr      Idx    E Section Name        Object

    0x20000000   0x080059d4   0x0000003c   Data   RW          291    .data               tasks.o
    0x2000003c   0x08005a10   0x00000014   Data   RW          317    .data               timers.o
    0x20000050   0x08005a24   0x0000000c   Data   RW          347    .data               port.o
    0x2000005c   0x08005a30   0x00000018   Data   RW          378    .data               heap_2.o
    0x20000074   0x08005a48   0x00000010   Data   RW          508    .data               stm32f4xx_rcc.o
    0x20000084   0x08005a58   0x00000004   Data   RW          722    .data               retarget.o
    0x20000088   0x08005a5c   0x00000004   Data   RW          749    .data               analog.o
    0x2000008c   0x08005a60   0x00000008   Data   RW          775    .data               cache.o
    0x20000094   0x08005a68   0x00000010   Data   RW          798    .data               uart.o
    0x200000a4   0x08005a78   0x00000004   Data   RW          851    .data               system_stm32f4xx.o


    Execution Region ER_ZI (Exec base: 0x200000a8, Load base: 0x08005a7c, Size: 0x00013130, Max: 0xffffffff, ABSOLUTE)

    Exec Addr    Load Addr    Size         Type   Attr      Idx    E Section Name        Object

    0x200000a8        -       0x00000040   Zero   RW          253    .bss                queue.o
    0x200000e8        -       0x000000c8   Zero   RW          290    .bss                tasks.o
    0x200001b0        -       0x00000028   Zero   RW          316    .bss                timers.o
    0x200001d8        -       0x00012c00   Zero   RW          377    .bss                heap_2.o
    0x20012dd8        -       0x00000400   Zero   RW          841    STACK               startup_stm32f407xx.o


==============================================================================

Image component sizes


      Code (inc. data)   RO Data    RW Data    ZI Data      Debug   Object Name

       236         24         48          4          0       1699   analog.o
       188         10          0          0          0        942   butled.o
       200         54          0          8          0        825   cache.o
         0          0          0          0          0       7112   croutine.o
       292         26          0         24      76800       3172   heap_2.o
       148          0          0          0          0       3362   list.o
       288        110          0          0          0     246679   main.o
       224         20          0          0          0       1897   misc.o
       970         52          0         12          0       8867   port.o
      3120         14          0          0         64      26536   queue.o
        64          4          0          4          0       3045   retarget.o
        36          8        392          0       1024        820   startup_stm32f407xx.o
      1124         24          0          0          0      10762   stm32f4xx_adc.o
       608         36          0          0          0       4213   stm32f4xx_gpio.o
      1416         48          0         16          0      11191   stm32f4xx_rcc.o
      1068         26          0          0          0       7956   stm32f4xx_usart.o
       532         44         16          4          0       1835   system_stm32f4xx.o
      6084        338          0         60        200      28182   tasks.o
      1504         68          0         20         40      16631   timers.o
       348         70          0         16          0       1325   uart.o
       228         18          0          0          0      19074   utils.o

    ----------------------------------------------------------------------
     18680        994        488        168      78128     406125   Object Totals
         0          0         32          0          0          0   (incl. Generated)
         2          0          0          0          0          0   (incl. Padding)

    ----------------------------------------------------------------------

      Code (inc. data)   RO Data    RW Data    ZI Data      Debug   Library Member Name

         0          0          0          0          0          0   entry.o
         0          0          0          0          0          0   entry10a.o
         0          0          0          0          0          0   entry11a.o
         4          0          0          0          0          0   entry12b.o
         8          4          0          0          0          0   entry2.o
         4          0          0          0          0          0   entry5.o
         0          0          0          0          0          0   entry7b.o
         0          0          0          0          0          0   entry8b.o
         8          4          0          0          0          0   entry9a.o
        30          0          0          0          0          0   handlers.o
        36          8          0          0          0         68   init.o
         0          0          0          0          0          0   iusefp.o
        30          0          0          0          0         68   llshl.o
        36          0          0          0          0         68   llsshr.o
        32          0          0          0          0         68   llushr.o
        36          0          0          0          0         68   memcpya.o
        36          0          0          0          0        108   memseta.o
      2292         94          0          0          0        620   printfa.o
        28          0          0          0          0         76   strcmp.o
        44          0          0          0          0         80   uidiv.o
        98          0          0          0          0         92   uldiv.o
        48          0          0          0          0         68   cdrcmple.o
       334          0          0          0          0        148   dadd.o
       222          0          0          0          0        100   ddiv.o
       186          0          0          0          0        176   depilogue.o
        48          0          0          0          0         68   dfixul.o
       228          0          0          0          0         96   dmul.o
        38          0          0          0          0         68   f2d.o

    ----------------------------------------------------------------------
      3828        110          0          0          0       2040   Library Totals
         2          0          0          0          0          0   (incl. Padding)

    ----------------------------------------------------------------------

      Code (inc. data)   RO Data    RW Data    ZI Data      Debug   Library Name

      2722        110          0          0          0       1316   mc_w.l
      1104          0          0          0          0        724   mf_w.l

    ----------------------------------------------------------------------
      3828        110          0          0          0       2040   Library Totals

    ----------------------------------------------------------------------

==============================================================================


      Code (inc. data)   RO Data    RW Data    ZI Data      Debug   

     22508       1104        488        168      78128     402729   Grand Totals
     22508       1104        488        168      78128     402729   ELF Image Totals
     22508       1104        488        168          0          0   ROM Totals

==============================================================================

    Total RO  Size (Code + RO Data)                22996 (  22.46kB)
    Total RW  Size (RW Data + ZI Data)             78296 (  76.46kB)
    Total ROM Size (Code + RO Data + RW Data)      23164 (  22.62kB)

==============================================================================

